[2023-12-26T10:44:58.222+0000][gc,heap] Heap region size: 1M
[2023-12-26T10:44:58.233+0000][gc     ] Using G1
[2023-12-26T10:44:58.234+0000][gc,heap,coops] Heap address: 0x00000000c0000000, size: 1024 MB, Compressed Oops mode: 32-bit
[2023-12-26T10:45:00.344+0000][gc,start     ] GC(0) Pause Young (Normal) (G1 Evacuation Pause)
[2023-12-26T10:45:00.344+0000][gc,task      ] GC(0) Using 1 workers of 1 for evacuation
[2023-12-26T10:45:00.361+0000][gc,phases    ] GC(0)   Pre Evacuate Collection Set: 0.0ms
[2023-12-26T10:45:00.361+0000][gc,phases    ] GC(0)   Evacuate Collection Set: 16.3ms
[2023-12-26T10:45:00.361+0000][gc,phases    ] GC(0)   Post Evacuate Collection Set: 0.6ms
[2023-12-26T10:45:00.361+0000][gc,phases    ] GC(0)   Other: 0.3ms
[2023-12-26T10:45:00.361+0000][gc,heap      ] GC(0) Eden regions: 51->0(44)
[2023-12-26T10:45:00.361+0000][gc,heap      ] GC(0) Survivor regions: 0->7(7)
[2023-12-26T10:45:00.361+0000][gc,heap      ] GC(0) Old regions: 0->1
[2023-12-26T10:45:00.361+0000][gc,heap      ] GC(0) Humongous regions: 0->0
[2023-12-26T10:45:00.361+0000][gc,metaspace ] GC(0) Metaspace: 14103K(14848K)->14103K(14848K) NonClass: 12375K(12800K)->12375K(12800K) Class: 1727K(2048K)->1727K(2048K)
[2023-12-26T10:45:00.361+0000][gc           ] GC(0) Pause Young (Normal) (G1 Evacuation Pause) 51M->7M(1024M) 17.313ms
[2023-12-26T10:45:00.361+0000][gc,cpu       ] GC(0) User=0.01s Sys=0.00s Real=0.02s
[2023-12-26T10:45:01.418+0000][gc,start     ] GC(1) Pause Young (Concurrent Start) (Metadata GC Threshold)
[2023-12-26T10:45:01.418+0000][gc,task      ] GC(1) Using 1 workers of 1 for evacuation
[2023-12-26T10:45:01.445+0000][gc,mmu       ] GC(1) MMU target violated: 21.0ms (20.0ms/21.0ms)
[2023-12-26T10:45:01.445+0000][gc,phases    ] GC(1)   Pre Evacuate Collection Set: 0.1ms
[2023-12-26T10:45:01.445+0000][gc,phases    ] GC(1)   Evacuate Collection Set: 26.3ms
[2023-12-26T10:45:01.445+0000][gc,phases    ] GC(1)   Post Evacuate Collection Set: 0.3ms
[2023-12-26T10:45:01.445+0000][gc,phases    ] GC(1)   Other: 0.4ms
[2023-12-26T10:45:01.445+0000][gc,heap      ] GC(1) Eden regions: 31->0(50)
[2023-12-26T10:45:01.445+0000][gc,heap      ] GC(1) Survivor regions: 7->1(7)
[2023-12-26T10:45:01.445+0000][gc,heap      ] GC(1) Old regions: 1->8
[2023-12-26T10:45:01.445+0000][gc,heap      ] GC(1) Humongous regions: 0->0
[2023-12-26T10:45:01.445+0000][gc,metaspace ] GC(1) Metaspace: 20544K(21248K)->20544K(21248K) NonClass: 18061K(18432K)->18061K(18432K) Class: 2483K(2816K)->2483K(2816K)
[2023-12-26T10:45:01.445+0000][gc           ] GC(1) Pause Young (Concurrent Start) (Metadata GC Threshold) 38M->8M(1024M) 27.113ms
[2023-12-26T10:45:01.445+0000][gc,cpu       ] GC(1) User=0.03s Sys=0.00s Real=0.03s
[2023-12-26T10:45:01.446+0000][gc           ] GC(2) Concurrent Cycle
[2023-12-26T10:45:01.446+0000][gc,marking   ] GC(2) Concurrent Clear Claimed Marks
[2023-12-26T10:45:01.446+0000][gc,marking   ] GC(2) Concurrent Clear Claimed Marks 0.019ms
[2023-12-26T10:45:01.446+0000][gc,marking   ] GC(2) Concurrent Scan Root Regions
[2023-12-26T10:45:01.447+0000][gc,marking   ] GC(2) Concurrent Scan Root Regions 1.781ms
[2023-12-26T10:45:01.447+0000][gc,marking   ] GC(2) Concurrent Mark (3.229s)
[2023-12-26T10:45:01.447+0000][gc,marking   ] GC(2) Concurrent Mark From Roots
[2023-12-26T10:45:01.447+0000][gc,task      ] GC(2) Using 1 workers of 1 for marking
[2023-12-26T10:45:01.473+0000][gc,marking   ] GC(2) Concurrent Mark From Roots 25.423ms
[2023-12-26T10:45:01.473+0000][gc,marking   ] GC(2) Concurrent Preclean
[2023-12-26T10:45:01.473+0000][gc,marking   ] GC(2) Concurrent Preclean 0.070ms
[2023-12-26T10:45:01.473+0000][gc,marking   ] GC(2) Concurrent Mark (3.229s, 3.255s) 25.536ms
[2023-12-26T10:45:01.473+0000][gc,start     ] GC(2) Pause Remark
[2023-12-26T10:45:01.478+0000][gc,stringtable] GC(2) Cleaned string and symbol table, strings: 9587 processed, 12 removed, symbols: 53539 processed, 45 removed
[2023-12-26T10:45:01.478+0000][gc            ] GC(2) Pause Remark 9M->9M(1024M) 4.989ms
[2023-12-26T10:45:01.478+0000][gc,cpu        ] GC(2) User=0.01s Sys=0.00s Real=0.01s
[2023-12-26T10:45:01.478+0000][gc,marking    ] GC(2) Concurrent Rebuild Remembered Sets
[2023-12-26T10:45:01.486+0000][gc,marking    ] GC(2) Concurrent Rebuild Remembered Sets 7.846ms
[2023-12-26T10:45:01.486+0000][gc,start      ] GC(2) Pause Cleanup
[2023-12-26T10:45:01.486+0000][gc            ] GC(2) Pause Cleanup 10M->10M(1024M) 0.164ms
[2023-12-26T10:45:01.486+0000][gc,cpu        ] GC(2) User=0.00s Sys=0.00s Real=0.00s
[2023-12-26T10:45:01.486+0000][gc,marking    ] GC(2) Concurrent Cleanup for Next Mark
[2023-12-26T10:45:01.498+0000][gc,marking    ] GC(2) Concurrent Cleanup for Next Mark 11.262ms
[2023-12-26T10:45:01.498+0000][gc            ] GC(2) Concurrent Cycle 51.988ms
[2023-12-26T10:45:02.691+0000][gc,start      ] GC(3) Pause Young (Normal) (G1 Evacuation Pause)
[2023-12-26T10:45:02.691+0000][gc,task       ] GC(3) Using 1 workers of 1 for evacuation
[2023-12-26T10:45:02.705+0000][gc,phases     ] GC(3)   Pre Evacuate Collection Set: 0.0ms
[2023-12-26T10:45:02.705+0000][gc,phases     ] GC(3)   Evacuate Collection Set: 13.3ms
[2023-12-26T10:45:02.705+0000][gc,phases     ] GC(3)   Post Evacuate Collection Set: 0.2ms
[2023-12-26T10:45:02.705+0000][gc,phases     ] GC(3)   Other: 0.2ms
[2023-12-26T10:45:02.705+0000][gc,heap       ] GC(3) Eden regions: 50->0(46)
[2023-12-26T10:45:02.705+0000][gc,heap       ] GC(3) Survivor regions: 1->5(7)
[2023-12-26T10:45:02.705+0000][gc,heap       ] GC(3) Old regions: 8->8
[2023-12-26T10:45:02.705+0000][gc,heap       ] GC(3) Humongous regions: 129->129
[2023-12-26T10:45:02.705+0000][gc,metaspace  ] GC(3) Metaspace: 28387K(29440K)->28387K(29440K) NonClass: 25093K(25600K)->25093K(25600K) Class: 3294K(3840K)->3294K(3840K)
[2023-12-26T10:45:02.705+0000][gc            ] GC(3) Pause Young (Normal) (G1 Evacuation Pause) 187M->141M(1024M) 13.860ms
[2023-12-26T10:45:02.705+0000][gc,cpu        ] GC(3) User=0.02s Sys=0.00s Real=0.02s
[2023-12-26T10:45:03.551+0000][gc,start      ] GC(4) Pause Young (Concurrent Start) (Metadata GC Threshold)
[2023-12-26T10:45:03.551+0000][gc,task       ] GC(4) Using 1 workers of 1 for evacuation
[2023-12-26T10:45:03.573+0000][gc,mmu        ] GC(4) MMU target violated: 21.0ms (20.0ms/21.0ms)
[2023-12-26T10:45:03.574+0000][gc,phases     ] GC(4)   Pre Evacuate Collection Set: 0.2ms
[2023-12-26T10:45:03.574+0000][gc,phases     ] GC(4)   Evacuate Collection Set: 21.5ms
[2023-12-26T10:45:03.574+0000][gc,phases     ] GC(4)   Post Evacuate Collection Set: 0.3ms
[2023-12-26T10:45:03.574+0000][gc,phases     ] GC(4)   Other: 0.5ms
[2023-12-26T10:45:03.574+0000][gc,heap       ] GC(4) Eden regions: 34->0(48)
[2023-12-26T10:45:03.574+0000][gc,heap       ] GC(4) Survivor regions: 5->3(7)
[2023-12-26T10:45:03.574+0000][gc,heap       ] GC(4) Old regions: 8->12
[2023-12-26T10:45:03.574+0000][gc,heap       ] GC(4) Humongous regions: 129->129
[2023-12-26T10:45:03.574+0000][gc,metaspace  ] GC(4) Metaspace: 34374K(35840K)->34374K(35840K) NonClass: 30365K(31104K)->30365K(31104K) Class: 4009K(4736K)->4009K(4736K)
[2023-12-26T10:45:03.574+0000][gc            ] GC(4) Pause Young (Concurrent Start) (Metadata GC Threshold) 174M->143M(1024M) 22.518ms
[2023-12-26T10:45:03.574+0000][gc,cpu        ] GC(4) User=0.02s Sys=0.00s Real=0.02s
[2023-12-26T10:45:03.574+0000][gc            ] GC(5) Concurrent Cycle
[2023-12-26T10:45:03.574+0000][gc,marking    ] GC(5) Concurrent Clear Claimed Marks
[2023-12-26T10:45:03.574+0000][gc,marking    ] GC(5) Concurrent Clear Claimed Marks 0.062ms
[2023-12-26T10:45:03.574+0000][gc,marking    ] GC(5) Concurrent Scan Root Regions
[2023-12-26T10:45:03.576+0000][gc,marking    ] GC(5) Concurrent Scan Root Regions 1.948ms
[2023-12-26T10:45:03.576+0000][gc,marking    ] GC(5) Concurrent Mark (5.357s)
[2023-12-26T10:45:03.576+0000][gc,marking    ] GC(5) Concurrent Mark From Roots
[2023-12-26T10:45:03.576+0000][gc,task       ] GC(5) Using 1 workers of 1 for marking
[2023-12-26T10:45:03.675+0000][gc,marking    ] GC(5) Concurrent Mark From Roots 99.521ms
[2023-12-26T10:45:03.675+0000][gc,marking    ] GC(5) Concurrent Preclean
[2023-12-26T10:45:03.675+0000][gc,marking    ] GC(5) Concurrent Preclean 0.092ms
[2023-12-26T10:45:03.675+0000][gc,marking    ] GC(5) Concurrent Mark (5.357s, 5.457s) 99.682ms
[2023-12-26T10:45:03.676+0000][gc,start      ] GC(5) Pause Remark
[2023-12-26T10:45:03.686+0000][gc,stringtable] GC(5) Cleaned string and symbol table, strings: 14466 processed, 0 removed, symbols: 85882 processed, 15 removed
[2023-12-26T10:45:03.686+0000][gc            ] GC(5) Pause Remark 145M->145M(1024M) 10.257ms
[2023-12-26T10:45:03.686+0000][gc,cpu        ] GC(5) User=0.01s Sys=0.00s Real=0.02s
[2023-12-26T10:45:03.686+0000][gc,marking    ] GC(5) Concurrent Rebuild Remembered Sets
[2023-12-26T10:45:03.744+0000][gc,marking    ] GC(5) Concurrent Rebuild Remembered Sets 57.731ms
[2023-12-26T10:45:03.746+0000][gc,start      ] GC(5) Pause Cleanup
[2023-12-26T10:45:03.746+0000][gc            ] GC(5) Pause Cleanup 148M->148M(1024M) 0.252ms
[2023-12-26T10:45:03.746+0000][gc,cpu        ] GC(5) User=0.00s Sys=0.00s Real=0.00s
[2023-12-26T10:45:03.747+0000][gc,marking    ] GC(5) Concurrent Cleanup for Next Mark
[2023-12-26T10:45:03.788+0000][gc,marking    ] GC(5) Concurrent Cleanup for Next Mark 41.736ms
[2023-12-26T10:45:03.788+0000][gc            ] GC(5) Concurrent Cycle 214.629ms
[2023-12-26T10:52:07.232+0000][gc,start      ] GC(6) Pause Young (Concurrent Start) (G1 Evacuation Pause)
[2023-12-26T10:52:07.235+0000][gc,task       ] GC(6) Using 1 workers of 1 for evacuation
[2023-12-26T10:52:07.516+0000][gc,mmu        ] GC(6) MMU target violated: 21.0ms (20.0ms/21.0ms)
[2023-12-26T10:52:07.519+0000][gc,phases     ] GC(6)   Pre Evacuate Collection Set: 7.2ms
[2023-12-26T10:52:07.519+0000][gc,phases     ] GC(6)   Evacuate Collection Set: 129.9ms
[2023-12-26T10:52:07.519+0000][gc,phases     ] GC(6)   Post Evacuate Collection Set: 1.5ms
[2023-12-26T10:52:07.519+0000][gc,phases     ] GC(6)   Other: 146.6ms
[2023-12-26T10:52:07.519+0000][gc,heap       ] GC(6) Eden regions: 48->0(46)
[2023-12-26T10:52:07.519+0000][gc,heap       ] GC(6) Survivor regions: 3->5(7)
[2023-12-26T10:52:07.519+0000][gc,heap       ] GC(6) Old regions: 12->12
[2023-12-26T10:52:07.519+0000][gc,heap       ] GC(6) Humongous regions: 129->129
[2023-12-26T10:52:07.519+0000][gc,metaspace  ] GC(6) Metaspace: 40142K(42624K)->40142K(42624K) NonClass: 35068K(36352K)->35068K(36352K) Class: 5074K(6272K)->5074K(6272K)
[2023-12-26T10:52:07.519+0000][gc            ] GC(6) Pause Young (Concurrent Start) (G1 Evacuation Pause) 191M->145M(1024M) 286.339ms
[2023-12-26T10:52:07.520+0000][gc,cpu        ] GC(6) User=0.02s Sys=0.03s Real=0.29s
[2023-12-26T10:52:07.521+0000][gc            ] GC(7) Concurrent Cycle
[2023-12-26T10:52:07.521+0000][gc,marking    ] GC(7) Concurrent Clear Claimed Marks
[2023-12-26T10:52:07.522+0000][gc,marking    ] GC(7) Concurrent Clear Claimed Marks 0.742ms
[2023-12-26T10:52:07.522+0000][gc,marking    ] GC(7) Concurrent Scan Root Regions
[2023-12-26T10:52:07.537+0000][gc,marking    ] GC(7) Concurrent Scan Root Regions 14.859ms
[2023-12-26T10:52:07.537+0000][gc,marking    ] GC(7) Concurrent Mark (429.319s)
[2023-12-26T10:52:07.537+0000][gc,marking    ] GC(7) Concurrent Mark From Roots
[2023-12-26T10:52:07.537+0000][gc,task       ] GC(7) Using 1 workers of 1 for marking
[2023-12-26T10:52:07.650+0000][gc,marking    ] GC(7) Concurrent Mark From Roots 113.106ms
[2023-12-26T10:52:07.650+0000][gc,marking    ] GC(7) Concurrent Preclean
[2023-12-26T10:52:07.650+0000][gc,marking    ] GC(7) Concurrent Preclean 0.091ms
[2023-12-26T10:52:07.650+0000][gc,marking    ] GC(7) Concurrent Mark (429.319s, 429.432s) 113.246ms
[2023-12-26T10:52:07.651+0000][gc,start      ] GC(7) Pause Remark
[2023-12-26T10:52:07.734+0000][gc,stringtable] GC(7) Cleaned string and symbol table, strings: 16020 processed, 10 removed, symbols: 92784 processed, 2 removed
[2023-12-26T10:52:07.735+0000][gc,mmu        ] GC(7) MMU target violated: 21.0ms (20.0ms/21.0ms)
[2023-12-26T10:52:07.735+0000][gc            ] GC(7) Pause Remark 148M->148M(1024M) 84.353ms
[2023-12-26T10:52:07.735+0000][gc,cpu        ] GC(7) User=0.02s Sys=0.00s Real=0.08s
[2023-12-26T10:52:07.735+0000][gc,marking    ] GC(7) Concurrent Rebuild Remembered Sets
[2023-12-26T10:52:07.769+0000][gc,marking    ] GC(7) Concurrent Rebuild Remembered Sets 33.604ms
[2023-12-26T10:52:07.769+0000][gc,start      ] GC(7) Pause Cleanup
[2023-12-26T10:52:07.770+0000][gc            ] GC(7) Pause Cleanup 148M->148M(1024M) 0.712ms
[2023-12-26T10:52:07.770+0000][gc,cpu        ] GC(7) User=0.01s Sys=0.00s Real=0.00s
[2023-12-26T10:52:07.770+0000][gc,marking    ] GC(7) Concurrent Cleanup for Next Mark
[2023-12-26T10:52:08.773+0000][gc,marking    ] GC(7) Concurrent Cleanup for Next Mark 1002.982ms
[2023-12-26T10:52:08.773+0000][gc            ] GC(7) Concurrent Cycle 1251.606ms
[2023-12-26T11:01:31.588+0000][gc,start      ] GC(8) Pause Young (Normal) (G1 Evacuation Pause)
[2023-12-26T11:01:31.588+0000][gc,task       ] GC(8) Using 1 workers of 1 for evacuation
[2023-12-26T11:01:31.624+0000][gc,mmu        ] GC(8) MMU target violated: 21.0ms (20.0ms/21.0ms)
[2023-12-26T11:01:31.624+0000][gc,phases     ] GC(8)   Pre Evacuate Collection Set: 0.1ms
[2023-12-26T11:01:31.624+0000][gc,phases     ] GC(8)   Evacuate Collection Set: 34.4ms
[2023-12-26T11:01:31.624+0000][gc,phases     ] GC(8)   Post Evacuate Collection Set: 1.0ms
[2023-12-26T11:01:31.624+0000][gc,phases     ] GC(8)   Other: 0.4ms
[2023-12-26T11:01:31.624+0000][gc,heap       ] GC(8) Eden regions: 46->0(46)
[2023-12-26T11:01:31.624+0000][gc,heap       ] GC(8) Survivor regions: 5->5(7)
[2023-12-26T11:01:31.624+0000][gc,heap       ] GC(8) Old regions: 12->14
[2023-12-26T11:01:31.624+0000][gc,heap       ] GC(8) Humongous regions: 129->129
[2023-12-26T11:01:31.624+0000][gc,metaspace  ] GC(8) Metaspace: 43494K(46336K)->43494K(46336K) NonClass: 37922K(39424K)->37922K(39424K) Class: 5571K(6912K)->5571K(6912K)
[2023-12-26T11:01:31.624+0000][gc            ] GC(8) Pause Young (Normal) (G1 Evacuation Pause) 191M->147M(1024M) 35.915ms
[2023-12-26T11:01:31.624+0000][gc,cpu        ] GC(8) User=0.02s Sys=0.01s Real=0.03s
[2023-12-26T11:14:02.515+0000][gc,start      ] GC(9) Pause Young (Normal) (G1 Evacuation Pause)
[2023-12-26T11:14:02.515+0000][gc,task       ] GC(9) Using 1 workers of 1 for evacuation
[2023-12-26T11:14:02.536+0000][gc,mmu        ] GC(9) MMU target violated: 21.0ms (20.0ms/21.0ms)
[2023-12-26T11:14:02.536+0000][gc,phases     ] GC(9)   Pre Evacuate Collection Set: 0.1ms
[2023-12-26T11:14:02.536+0000][gc,phases     ] GC(9)   Evacuate Collection Set: 21.0ms
[2023-12-26T11:14:02.536+0000][gc,phases     ] GC(9)   Post Evacuate Collection Set: 0.4ms
[2023-12-26T11:14:02.536+0000][gc,phases     ] GC(9)   Other: 0.4ms
[2023-12-26T11:14:02.536+0000][gc,heap       ] GC(9) Eden regions: 46->0(47)
[2023-12-26T11:14:02.536+0000][gc,heap       ] GC(9) Survivor regions: 5->4(7)
[2023-12-26T11:14:02.536+0000][gc,heap       ] GC(9) Old regions: 14->17
[2023-12-26T11:14:02.536+0000][gc,heap       ] GC(9) Humongous regions: 129->129
[2023-12-26T11:14:02.536+0000][gc,metaspace  ] GC(9) Metaspace: 43777K(46592K)->43777K(46592K) NonClass: 38201K(39680K)->38201K(39680K) Class: 5575K(6912K)->5575K(6912K)
[2023-12-26T11:14:02.536+0000][gc            ] GC(9) Pause Young (Normal) (G1 Evacuation Pause) 193M->148M(1024M) 21.920ms
[2023-12-26T11:14:02.536+0000][gc,cpu        ] GC(9) User=0.02s Sys=0.00s Real=0.03s
[2023-12-26T11:27:40.193+0000][gc,start      ] GC(10) Pause Young (Normal) (G1 Evacuation Pause)
[2023-12-26T11:27:40.194+0000][gc,task       ] GC(10) Using 1 workers of 1 for evacuation
[2023-12-26T11:27:40.210+0000][gc,phases     ] GC(10)   Pre Evacuate Collection Set: 0.1ms
[2023-12-26T11:27:40.210+0000][gc,phases     ] GC(10)   Evacuate Collection Set: 16.0ms
[2023-12-26T11:27:40.210+0000][gc,phases     ] GC(10)   Post Evacuate Collection Set: 0.3ms
[2023-12-26T11:27:40.210+0000][gc,phases     ] GC(10)   Other: 0.7ms
[2023-12-26T11:27:40.210+0000][gc,heap       ] GC(10) Eden regions: 47->0(48)
[2023-12-26T11:27:40.210+0000][gc,heap       ] GC(10) Survivor regions: 4->3(7)
[2023-12-26T11:27:40.210+0000][gc,heap       ] GC(10) Old regions: 17->17
[2023-12-26T11:27:40.210+0000][gc,heap       ] GC(10) Humongous regions: 129->129
[2023-12-26T11:27:40.210+0000][gc,metaspace  ] GC(10) Metaspace: 43905K(46592K)->43905K(46592K) NonClass: 38329K(39680K)->38329K(39680K) Class: 5575K(6912K)->5575K(6912K)
[2023-12-26T11:27:40.210+0000][gc            ] GC(10) Pause Young (Normal) (G1 Evacuation Pause) 195M->148M(1024M) 17.185ms
[2023-12-26T11:27:40.210+0000][gc,cpu        ] GC(10) User=0.02s Sys=0.00s Real=0.02s
[2023-12-26T11:42:21.227+0000][gc,start      ] GC(11) Pause Young (Normal) (G1 Evacuation Pause)
[2023-12-26T11:42:21.227+0000][gc,task       ] GC(11) Using 1 workers of 1 for evacuation
[2023-12-26T11:42:21.247+0000][gc,phases     ] GC(11)   Pre Evacuate Collection Set: 0.1ms
[2023-12-26T11:42:21.247+0000][gc,phases     ] GC(11)   Evacuate Collection Set: 19.3ms
[2023-12-26T11:42:21.247+0000][gc,phases     ] GC(11)   Post Evacuate Collection Set: 0.4ms
[2023-12-26T11:42:21.247+0000][gc,phases     ] GC(11)   Other: 0.3ms
[2023-12-26T11:42:21.247+0000][gc,heap       ] GC(11) Eden regions: 48->0(46)
[2023-12-26T11:42:21.247+0000][gc,heap       ] GC(11) Survivor regions: 3->5(7)
[2023-12-26T11:42:21.247+0000][gc,heap       ] GC(11) Old regions: 17->17
[2023-12-26T11:42:21.247+0000][gc,heap       ] GC(11) Humongous regions: 129->129
[2023-12-26T11:42:21.247+0000][gc,metaspace  ] GC(11) Metaspace: 44290K(47104K)->44290K(47104K) NonClass: 38714K(40192K)->38714K(40192K) Class: 5575K(6912K)->5575K(6912K)
[2023-12-26T11:42:21.247+0000][gc            ] GC(11) Pause Young (Normal) (G1 Evacuation Pause) 196M->149M(1024M) 20.205ms
[2023-12-26T11:42:21.247+0000][gc,cpu        ] GC(11) User=0.02s Sys=0.00s Real=0.02s
[2023-12-26T11:55:26.819+0000][gc,start      ] GC(12) Pause Young (Normal) (G1 Evacuation Pause)
[2023-12-26T11:55:26.819+0000][gc,task       ] GC(12) Using 1 workers of 1 for evacuation
[2023-12-26T11:55:26.840+0000][gc,mmu        ] GC(12) MMU target violated: 20.7ms (20.0ms/21.0ms)
[2023-12-26T11:55:26.840+0000][gc,phases     ] GC(12)   Pre Evacuate Collection Set: 0.0ms
[2023-12-26T11:55:26.840+0000][gc,phases     ] GC(12)   Evacuate Collection Set: 20.1ms
[2023-12-26T11:55:26.840+0000][gc,phases     ] GC(12)   Post Evacuate Collection Set: 0.5ms
[2023-12-26T11:55:26.840+0000][gc,phases     ] GC(12)   Other: 0.3ms
[2023-12-26T11:55:26.840+0000][gc,heap       ] GC(12) Eden regions: 46->0(48)
[2023-12-26T11:55:26.840+0000][gc,heap       ] GC(12) Survivor regions: 5->3(7)
[2023-12-26T11:55:26.840+0000][gc,heap       ] GC(12) Old regions: 17->18
[2023-12-26T11:55:26.840+0000][gc,heap       ] GC(12) Humongous regions: 129->129
[2023-12-26T11:55:26.840+0000][gc,metaspace  ] GC(12) Metaspace: 44377K(47360K)->44377K(47360K) NonClass: 38796K(40448K)->38796K(40448K) Class: 5581K(6912K)->5581K(6912K)
[2023-12-26T11:55:26.840+0000][gc            ] GC(12) Pause Young (Normal) (G1 Evacuation Pause) 195M->149M(1024M) 20.935ms
[2023-12-26T11:55:26.840+0000][gc,cpu        ] GC(12) User=0.02s Sys=0.00s Real=0.02s
[2023-12-26T12:10:21.819+0000][gc,start      ] GC(13) Pause Young (Normal) (G1 Evacuation Pause)
[2023-12-26T12:10:21.819+0000][gc,task       ] GC(13) Using 1 workers of 1 for evacuation
[2023-12-26T12:10:21.833+0000][gc,phases     ] GC(13)   Pre Evacuate Collection Set: 0.0ms
[2023-12-26T12:10:21.833+0000][gc,phases     ] GC(13)   Evacuate Collection Set: 12.9ms
[2023-12-26T12:10:21.833+0000][gc,phases     ] GC(13)   Post Evacuate Collection Set: 0.3ms
[2023-12-26T12:10:21.833+0000][gc,phases     ] GC(13)   Other: 0.2ms
[2023-12-26T12:10:21.833+0000][gc,heap       ] GC(13) Eden regions: 48->0(48)
[2023-12-26T12:10:21.833+0000][gc,heap       ] GC(13) Survivor regions: 3->3(7)
[2023-12-26T12:10:21.833+0000][gc,heap       ] GC(13) Old regions: 18->18
[2023-12-26T12:10:21.833+0000][gc,heap       ] GC(13) Humongous regions: 129->129
[2023-12-26T12:10:21.833+0000][gc,metaspace  ] GC(13) Metaspace: 44408K(47360K)->44408K(47360K) NonClass: 38826K(40448K)->38826K(40448K) Class: 5581K(6912K)->5581K(6912K)
[2023-12-26T12:10:21.833+0000][gc            ] GC(13) Pause Young (Normal) (G1 Evacuation Pause) 197M->149M(1024M) 13.538ms
[2023-12-26T12:10:21.833+0000][gc,cpu        ] GC(13) User=0.02s Sys=0.00s Real=0.01s
[2023-12-26T12:25:18.144+0000][gc,start      ] GC(14) Pause Young (Normal) (G1 Evacuation Pause)
[2023-12-26T12:25:18.144+0000][gc,task       ] GC(14) Using 1 workers of 1 for evacuation
[2023-12-26T12:25:18.156+0000][gc,phases     ] GC(14)   Pre Evacuate Collection Set: 0.0ms
[2023-12-26T12:25:18.156+0000][gc,phases     ] GC(14)   Evacuate Collection Set: 11.5ms
[2023-12-26T12:25:18.156+0000][gc,phases     ] GC(14)   Post Evacuate Collection Set: 0.3ms
[2023-12-26T12:25:18.156+0000][gc,phases     ] GC(14)   Other: 0.3ms
[2023-12-26T12:25:18.156+0000][gc,heap       ] GC(14) Eden regions: 48->0(48)
[2023-12-26T12:25:18.156+0000][gc,heap       ] GC(14) Survivor regions: 3->3(7)
[2023-12-26T12:25:18.156+0000][gc,heap       ] GC(14) Old regions: 18->18
[2023-12-26T12:25:18.156+0000][gc,heap       ] GC(14) Humongous regions: 129->129
[2023-12-26T12:25:18.156+0000][gc,metaspace  ] GC(14) Metaspace: 44447K(47360K)->44447K(47360K) NonClass: 38866K(40448K)->38866K(40448K) Class: 5581K(6912K)->5581K(6912K)
[2023-12-26T12:25:18.156+0000][gc            ] GC(14) Pause Young (Normal) (G1 Evacuation Pause) 197M->148M(1024M) 12.255ms
[2023-12-26T12:25:18.156+0000][gc,cpu        ] GC(14) User=0.01s Sys=0.00s Real=0.01s
[2023-12-26T12:40:19.584+0000][gc,start      ] GC(15) Pause Young (Normal) (G1 Evacuation Pause)
[2023-12-26T12:40:19.584+0000][gc,task       ] GC(15) Using 1 workers of 1 for evacuation
[2023-12-26T12:40:19.599+0000][gc,phases     ] GC(15)   Pre Evacuate Collection Set: 0.1ms
[2023-12-26T12:40:19.599+0000][gc,phases     ] GC(15)   Evacuate Collection Set: 14.0ms
[2023-12-26T12:40:19.599+0000][gc,phases     ] GC(15)   Post Evacuate Collection Set: 0.2ms
[2023-12-26T12:40:19.599+0000][gc,phases     ] GC(15)   Other: 0.4ms
[2023-12-26T12:40:19.599+0000][gc,heap       ] GC(15) Eden regions: 48->0(47)
[2023-12-26T12:40:19.599+0000][gc,heap       ] GC(15) Survivor regions: 3->4(7)
[2023-12-26T12:40:19.599+0000][gc,heap       ] GC(15) Old regions: 18->18
[2023-12-26T12:40:19.599+0000][gc,heap       ] GC(15) Humongous regions: 129->129
[2023-12-26T12:40:19.599+0000][gc,metaspace  ] GC(15) Metaspace: 44454K(47360K)->44454K(47360K) NonClass: 38873K(40448K)->38873K(40448K) Class: 5581K(6912K)->5581K(6912K)
[2023-12-26T12:40:19.599+0000][gc            ] GC(15) Pause Young (Normal) (G1 Evacuation Pause) 196M->150M(1024M) 14.773ms
[2023-12-26T12:40:19.599+0000][gc,cpu        ] GC(15) User=0.02s Sys=0.00s Real=0.02s
[2023-12-26T12:53:51.396+0000][gc,start      ] GC(16) Pause Young (Normal) (G1 Evacuation Pause)
[2023-12-26T12:53:51.396+0000][gc,task       ] GC(16) Using 1 workers of 1 for evacuation
[2023-12-26T12:53:51.408+0000][gc,phases     ] GC(16)   Pre Evacuate Collection Set: 0.0ms
[2023-12-26T12:53:51.408+0000][gc,phases     ] GC(16)   Evacuate Collection Set: 11.8ms
[2023-12-26T12:53:51.408+0000][gc,phases     ] GC(16)   Post Evacuate Collection Set: 0.3ms
[2023-12-26T12:53:51.408+0000][gc,phases     ] GC(16)   Other: 0.3ms
[2023-12-26T12:53:51.408+0000][gc,heap       ] GC(16) Eden regions: 47->0(48)
[2023-12-26T12:53:51.408+0000][gc,heap       ] GC(16) Survivor regions: 4->3(7)
[2023-12-26T12:53:51.408+0000][gc,heap       ] GC(16) Old regions: 18->18
[2023-12-26T12:53:51.408+0000][gc,heap       ] GC(16) Humongous regions: 129->129
[2023-12-26T12:53:51.409+0000][gc,metaspace  ] GC(16) Metaspace: 44477K(47360K)->44477K(47360K) NonClass: 38896K(40448K)->38896K(40448K) Class: 5581K(6912K)->5581K(6912K)
[2023-12-26T12:53:51.409+0000][gc            ] GC(16) Pause Young (Normal) (G1 Evacuation Pause) 197M->149M(1024M) 12.502ms
[2023-12-26T12:53:51.409+0000][gc,cpu        ] GC(16) User=0.01s Sys=0.00s Real=0.02s
[2023-12-26T13:08:50.719+0000][gc,start      ] GC(17) Pause Young (Normal) (G1 Evacuation Pause)
[2023-12-26T13:08:50.719+0000][gc,task       ] GC(17) Using 1 workers of 1 for evacuation
[2023-12-26T13:08:50.733+0000][gc,phases     ] GC(17)   Pre Evacuate Collection Set: 0.0ms
[2023-12-26T13:08:50.733+0000][gc,phases     ] GC(17)   Evacuate Collection Set: 13.1ms
[2023-12-26T13:08:50.733+0000][gc,phases     ] GC(17)   Post Evacuate Collection Set: 0.3ms
[2023-12-26T13:08:50.733+0000][gc,phases     ] GC(17)   Other: 0.3ms
[2023-12-26T13:08:50.733+0000][gc,heap       ] GC(17) Eden regions: 48->0(48)
[2023-12-26T13:08:50.733+0000][gc,heap       ] GC(17) Survivor regions: 3->3(7)
[2023-12-26T13:08:50.733+0000][gc,heap       ] GC(17) Old regions: 18->18
[2023-12-26T13:08:50.733+0000][gc,heap       ] GC(17) Humongous regions: 129->129
[2023-12-26T13:08:50.733+0000][gc,metaspace  ] GC(17) Metaspace: 44481K(47360K)->44481K(47360K) NonClass: 38900K(40448K)->38900K(40448K) Class: 5581K(6912K)->5581K(6912K)
[2023-12-26T13:08:50.733+0000][gc            ] GC(17) Pause Young (Normal) (G1 Evacuation Pause) 197M->149M(1024M) 13.904ms
[2023-12-26T13:08:50.733+0000][gc,cpu        ] GC(17) User=0.01s Sys=0.00s Real=0.01s
[2023-12-26T13:23:51.135+0000][gc,start      ] GC(18) Pause Young (Normal) (G1 Evacuation Pause)
[2023-12-26T13:23:51.135+0000][gc,task       ] GC(18) Using 1 workers of 1 for evacuation
[2023-12-26T13:23:51.146+0000][gc,phases     ] GC(18)   Pre Evacuate Collection Set: 0.0ms
[2023-12-26T13:23:51.146+0000][gc,phases     ] GC(18)   Evacuate Collection Set: 9.8ms
[2023-12-26T13:23:51.146+0000][gc,phases     ] GC(18)   Post Evacuate Collection Set: 0.3ms
[2023-12-26T13:23:51.146+0000][gc,phases     ] GC(18)   Other: 0.7ms
[2023-12-26T13:23:51.146+0000][gc,heap       ] GC(18) Eden regions: 48->0(48)
[2023-12-26T13:23:51.146+0000][gc,heap       ] GC(18) Survivor regions: 3->3(7)
[2023-12-26T13:23:51.146+0000][gc,heap       ] GC(18) Old regions: 18->18
[2023-12-26T13:23:51.146+0000][gc,heap       ] GC(18) Humongous regions: 129->129
[2023-12-26T13:23:51.146+0000][gc,metaspace  ] GC(18) Metaspace: 44484K(47360K)->44484K(47360K) NonClass: 38902K(40448K)->38902K(40448K) Class: 5581K(6912K)->5581K(6912K)
[2023-12-26T13:23:51.146+0000][gc            ] GC(18) Pause Young (Normal) (G1 Evacuation Pause) 197M->148M(1024M) 10.807ms
[2023-12-26T13:23:51.146+0000][gc,cpu        ] GC(18) User=0.01s Sys=0.00s Real=0.02s
[2023-12-26T13:38:55.492+0000][gc,start      ] GC(19) Pause Young (Normal) (G1 Evacuation Pause)
[2023-12-26T13:38:55.492+0000][gc,task       ] GC(19) Using 1 workers of 1 for evacuation
[2023-12-26T13:38:55.504+0000][gc,phases     ] GC(19)   Pre Evacuate Collection Set: 0.0ms
[2023-12-26T13:38:55.504+0000][gc,phases     ] GC(19)   Evacuate Collection Set: 12.5ms
[2023-12-26T13:38:55.504+0000][gc,phases     ] GC(19)   Post Evacuate Collection Set: 0.2ms
[2023-12-26T13:38:55.505+0000][gc,phases     ] GC(19)   Other: 0.2ms
[2023-12-26T13:38:55.505+0000][gc,heap       ] GC(19) Eden regions: 48->0(47)
[2023-12-26T13:38:55.505+0000][gc,heap       ] GC(19) Survivor regions: 3->4(7)
[2023-12-26T13:38:55.505+0000][gc,heap       ] GC(19) Old regions: 18->18
[2023-12-26T13:38:55.505+0000][gc,heap       ] GC(19) Humongous regions: 129->129
[2023-12-26T13:38:55.505+0000][gc,metaspace  ] GC(19) Metaspace: 44487K(47360K)->44487K(47360K) NonClass: 38906K(40448K)->38906K(40448K) Class: 5581K(6912K)->5581K(6912K)
[2023-12-26T13:38:55.505+0000][gc            ] GC(19) Pause Young (Normal) (G1 Evacuation Pause) 196M->150M(1024M) 13.054ms
[2023-12-26T13:38:55.505+0000][gc,cpu        ] GC(19) User=0.02s Sys=0.00s Real=0.02s
[2023-12-26T13:52:26.057+0000][gc,start      ] GC(20) Pause Young (Normal) (G1 Evacuation Pause)
[2023-12-26T13:52:26.057+0000][gc,task       ] GC(20) Using 1 workers of 1 for evacuation
[2023-12-26T13:52:26.070+0000][gc,phases     ] GC(20)   Pre Evacuate Collection Set: 0.0ms
[2023-12-26T13:52:26.070+0000][gc,phases     ] GC(20)   Evacuate Collection Set: 12.2ms
[2023-12-26T13:52:26.070+0000][gc,phases     ] GC(20)   Post Evacuate Collection Set: 0.3ms
[2023-12-26T13:52:26.070+0000][gc,phases     ] GC(20)   Other: 0.3ms
[2023-12-26T13:52:26.070+0000][gc,heap       ] GC(20) Eden regions: 47->0(48)
[2023-12-26T13:52:26.070+0000][gc,heap       ] GC(20) Survivor regions: 4->3(7)
[2023-12-26T13:52:26.070+0000][gc,heap       ] GC(20) Old regions: 18->18
[2023-12-26T13:52:26.070+0000][gc,heap       ] GC(20) Humongous regions: 129->129
[2023-12-26T13:52:26.070+0000][gc,metaspace  ] GC(20) Metaspace: 44489K(47360K)->44489K(47360K) NonClass: 38908K(40448K)->38908K(40448K) Class: 5581K(6912K)->5581K(6912K)
[2023-12-26T13:52:26.070+0000][gc            ] GC(20) Pause Young (Normal) (G1 Evacuation Pause) 197M->149M(1024M) 12.896ms
[2023-12-26T13:52:26.070+0000][gc,cpu        ] GC(20) User=0.01s Sys=0.00s Real=0.01s
[2023-12-26T13:56:27.447+0000][gc,heap,exit  ] Heap
[2023-12-26T13:56:27.447+0000][gc,heap,exit  ]  garbage-first heap   total 1048576K, used 174322K [0x00000000c0000000, 0x0000000100000000)
[2023-12-26T13:56:27.447+0000][gc,heap,exit  ]   region size 1024K, 26 young (26624K), 3 survivors (3072K)
[2023-12-26T13:56:27.447+0000][gc,heap,exit  ]  Metaspace       used 45230K, capacity 48113K, committed 48256K, reserved 1089536K
[2023-12-26T13:56:27.447+0000][gc,heap,exit  ]   class space    used 5789K, capacity 7177K, committed 7296K, reserved 1048576K
