[2023-12-26T10:14:56.681+0000][gc,heap] Heap region size: 1M
[2023-12-26T10:14:56.693+0000][gc     ] Using G1
[2023-12-26T10:14:56.693+0000][gc,heap,coops] Heap address: 0x00000000c0000000, size: 1024 MB, Compressed Oops mode: 32-bit
[2023-12-26T10:14:58.796+0000][gc,start     ] GC(0) Pause Young (Normal) (G1 Evacuation Pause)
[2023-12-26T10:14:58.796+0000][gc,task      ] GC(0) Using 1 workers of 1 for evacuation
[2023-12-26T10:14:58.813+0000][gc,phases    ] GC(0)   Pre Evacuate Collection Set: 0.1ms
[2023-12-26T10:14:58.813+0000][gc,phases    ] GC(0)   Evacuate Collection Set: 16.6ms
[2023-12-26T10:14:58.813+0000][gc,phases    ] GC(0)   Post Evacuate Collection Set: 0.4ms
[2023-12-26T10:14:58.813+0000][gc,phases    ] GC(0)   Other: 0.3ms
[2023-12-26T10:14:58.813+0000][gc,heap      ] GC(0) Eden regions: 51->0(44)
[2023-12-26T10:14:58.813+0000][gc,heap      ] GC(0) Survivor regions: 0->7(7)
[2023-12-26T10:14:58.813+0000][gc,heap      ] GC(0) Old regions: 0->1
[2023-12-26T10:14:58.813+0000][gc,heap      ] GC(0) Humongous regions: 0->0
[2023-12-26T10:14:58.813+0000][gc,metaspace ] GC(0) Metaspace: 13985K(14720K)->13985K(14720K) NonClass: 12272K(12800K)->12272K(12800K) Class: 1713K(1920K)->1713K(1920K)
[2023-12-26T10:14:58.813+0000][gc           ] GC(0) Pause Young (Normal) (G1 Evacuation Pause) 51M->7M(1024M) 17.420ms
[2023-12-26T10:14:58.813+0000][gc,cpu       ] GC(0) User=0.01s Sys=0.00s Real=0.02s
[2023-12-26T10:14:59.787+0000][gc,start     ] GC(1) Pause Young (Concurrent Start) (Metadata GC Threshold)
[2023-12-26T10:14:59.787+0000][gc,task      ] GC(1) Using 1 workers of 1 for evacuation
[2023-12-26T10:14:59.807+0000][gc,phases    ] GC(1)   Pre Evacuate Collection Set: 0.1ms
[2023-12-26T10:14:59.807+0000][gc,phases    ] GC(1)   Evacuate Collection Set: 18.4ms
[2023-12-26T10:14:59.807+0000][gc,phases    ] GC(1)   Post Evacuate Collection Set: 0.4ms
[2023-12-26T10:14:59.807+0000][gc,phases    ] GC(1)   Other: 0.4ms
[2023-12-26T10:14:59.807+0000][gc,heap      ] GC(1) Eden regions: 31->0(50)
[2023-12-26T10:14:59.807+0000][gc,heap      ] GC(1) Survivor regions: 7->1(7)
[2023-12-26T10:14:59.807+0000][gc,heap      ] GC(1) Old regions: 1->8
[2023-12-26T10:14:59.807+0000][gc,heap      ] GC(1) Humongous regions: 0->0
[2023-12-26T10:14:59.807+0000][gc,metaspace ] GC(1) Metaspace: 20572K(21248K)->20572K(21248K) NonClass: 18094K(18432K)->18094K(18432K) Class: 2478K(2816K)->2478K(2816K)
[2023-12-26T10:14:59.807+0000][gc           ] GC(1) Pause Young (Concurrent Start) (Metadata GC Threshold) 37M->8M(1024M) 19.301ms
[2023-12-26T10:14:59.807+0000][gc,cpu       ] GC(1) User=0.02s Sys=0.00s Real=0.02s
[2023-12-26T10:14:59.807+0000][gc           ] GC(2) Concurrent Cycle
[2023-12-26T10:14:59.807+0000][gc,marking   ] GC(2) Concurrent Clear Claimed Marks
[2023-12-26T10:14:59.807+0000][gc,marking   ] GC(2) Concurrent Clear Claimed Marks 0.024ms
[2023-12-26T10:14:59.807+0000][gc,marking   ] GC(2) Concurrent Scan Root Regions
[2023-12-26T10:14:59.808+0000][gc,marking   ] GC(2) Concurrent Scan Root Regions 0.859ms
[2023-12-26T10:14:59.808+0000][gc,marking   ] GC(2) Concurrent Mark (3.133s)
[2023-12-26T10:14:59.808+0000][gc,marking   ] GC(2) Concurrent Mark From Roots
[2023-12-26T10:14:59.808+0000][gc,task      ] GC(2) Using 1 workers of 1 for marking
[2023-12-26T10:14:59.842+0000][gc,marking   ] GC(2) Concurrent Mark From Roots 33.861ms
[2023-12-26T10:14:59.842+0000][gc,marking   ] GC(2) Concurrent Preclean
[2023-12-26T10:14:59.842+0000][gc,marking   ] GC(2) Concurrent Preclean 0.076ms
[2023-12-26T10:14:59.842+0000][gc,marking   ] GC(2) Concurrent Mark (3.133s, 3.167s) 33.980ms
[2023-12-26T10:14:59.842+0000][gc,start     ] GC(2) Pause Remark
[2023-12-26T10:14:59.851+0000][gc,stringtable] GC(2) Cleaned string and symbol table, strings: 9559 processed, 12 removed, symbols: 53305 processed, 44 removed
[2023-12-26T10:14:59.852+0000][gc            ] GC(2) Pause Remark 10M->10M(1024M) 9.954ms
[2023-12-26T10:14:59.852+0000][gc,cpu        ] GC(2) User=0.01s Sys=0.00s Real=0.02s
[2023-12-26T10:14:59.852+0000][gc,marking    ] GC(2) Concurrent Rebuild Remembered Sets
[2023-12-26T10:14:59.862+0000][gc,marking    ] GC(2) Concurrent Rebuild Remembered Sets 10.037ms
[2023-12-26T10:14:59.862+0000][gc,start      ] GC(2) Pause Cleanup
[2023-12-26T10:14:59.862+0000][gc            ] GC(2) Pause Cleanup 10M->10M(1024M) 0.226ms
[2023-12-26T10:14:59.862+0000][gc,cpu        ] GC(2) User=0.00s Sys=0.00s Real=0.00s
[2023-12-26T10:14:59.862+0000][gc,marking    ] GC(2) Concurrent Cleanup for Next Mark
[2023-12-26T10:14:59.883+0000][gc,marking    ] GC(2) Concurrent Cleanup for Next Mark 20.751ms
[2023-12-26T10:14:59.883+0000][gc            ] GC(2) Concurrent Cycle 76.161ms
[2023-12-26T10:15:02.006+0000][gc,start      ] GC(3) Pause Young (Normal) (G1 Evacuation Pause)
[2023-12-26T10:15:02.006+0000][gc,task       ] GC(3) Using 1 workers of 1 for evacuation
[2023-12-26T10:15:02.017+0000][gc,phases     ] GC(3)   Pre Evacuate Collection Set: 0.2ms
[2023-12-26T10:15:02.017+0000][gc,phases     ] GC(3)   Evacuate Collection Set: 10.2ms
[2023-12-26T10:15:02.017+0000][gc,phases     ] GC(3)   Post Evacuate Collection Set: 0.4ms
[2023-12-26T10:15:02.017+0000][gc,phases     ] GC(3)   Other: 0.2ms
[2023-12-26T10:15:02.017+0000][gc,heap       ] GC(3) Eden regions: 50->0(48)
[2023-12-26T10:15:02.017+0000][gc,heap       ] GC(3) Survivor regions: 1->3(7)
[2023-12-26T10:15:02.017+0000][gc,heap       ] GC(3) Old regions: 8->8
[2023-12-26T10:15:02.017+0000][gc,heap       ] GC(3) Humongous regions: 129->129
[2023-12-26T10:15:02.017+0000][gc,metaspace  ] GC(3) Metaspace: 28513K(29824K)->28513K(29824K) NonClass: 25227K(26112K)->25227K(26112K) Class: 3285K(3712K)->3285K(3712K)
[2023-12-26T10:15:02.017+0000][gc            ] GC(3) Pause Young (Normal) (G1 Evacuation Pause) 187M->139M(1024M) 11.068ms
[2023-12-26T10:15:02.017+0000][gc,cpu        ] GC(3) User=0.01s Sys=0.00s Real=0.01s
[2023-12-26T10:15:02.971+0000][gc,start      ] GC(4) Pause Young (Concurrent Start) (Metadata GC Threshold)
[2023-12-26T10:15:02.971+0000][gc,task       ] GC(4) Using 1 workers of 1 for evacuation
[2023-12-26T10:15:02.996+0000][gc,mmu        ] GC(4) MMU target violated: 21.0ms (20.0ms/21.0ms)
[2023-12-26T10:15:02.996+0000][gc,phases     ] GC(4)   Pre Evacuate Collection Set: 0.4ms
[2023-12-26T10:15:02.996+0000][gc,phases     ] GC(4)   Evacuate Collection Set: 23.4ms
[2023-12-26T10:15:02.996+0000][gc,phases     ] GC(4)   Post Evacuate Collection Set: 0.4ms
[2023-12-26T10:15:02.996+0000][gc,phases     ] GC(4)   Other: 0.6ms
[2023-12-26T10:15:02.996+0000][gc,heap       ] GC(4) Eden regions: 39->0(44)
[2023-12-26T10:15:02.996+0000][gc,heap       ] GC(4) Survivor regions: 3->7(7)
[2023-12-26T10:15:02.996+0000][gc,heap       ] GC(4) Old regions: 8->8
[2023-12-26T10:15:02.996+0000][gc,heap       ] GC(4) Humongous regions: 129->129
[2023-12-26T10:15:02.996+0000][gc,metaspace  ] GC(4) Metaspace: 34311K(35840K)->34311K(35840K) NonClass: 30303K(31104K)->30303K(31104K) Class: 4008K(4736K)->4008K(4736K)
[2023-12-26T10:15:02.996+0000][gc            ] GC(4) Pause Young (Concurrent Start) (Metadata GC Threshold) 178M->143M(1024M) 24.824ms
[2023-12-26T10:15:02.996+0000][gc,cpu        ] GC(4) User=0.02s Sys=0.01s Real=0.02s
[2023-12-26T10:15:02.996+0000][gc            ] GC(5) Concurrent Cycle
[2023-12-26T10:15:02.996+0000][gc,marking    ] GC(5) Concurrent Clear Claimed Marks
[2023-12-26T10:15:02.996+0000][gc,marking    ] GC(5) Concurrent Clear Claimed Marks 0.055ms
[2023-12-26T10:15:02.996+0000][gc,marking    ] GC(5) Concurrent Scan Root Regions
[2023-12-26T10:15:03.017+0000][gc,marking    ] GC(5) Concurrent Scan Root Regions 20.594ms
[2023-12-26T10:15:03.017+0000][gc,marking    ] GC(5) Concurrent Mark (6.342s)
[2023-12-26T10:15:03.017+0000][gc,marking    ] GC(5) Concurrent Mark From Roots
[2023-12-26T10:15:03.017+0000][gc,task       ] GC(5) Using 1 workers of 1 for marking
[2023-12-26T10:15:03.123+0000][gc,marking    ] GC(5) Concurrent Mark From Roots 106.056ms
[2023-12-26T10:15:03.123+0000][gc,marking    ] GC(5) Concurrent Preclean
[2023-12-26T10:15:03.123+0000][gc,marking    ] GC(5) Concurrent Preclean 0.078ms
[2023-12-26T10:15:03.123+0000][gc,marking    ] GC(5) Concurrent Mark (6.342s, 6.448s) 106.193ms
[2023-12-26T10:15:03.127+0000][gc,start      ] GC(5) Pause Remark
[2023-12-26T10:15:03.143+0000][gc,stringtable] GC(5) Cleaned string and symbol table, strings: 14689 processed, 0 removed, symbols: 84402 processed, 15 removed
[2023-12-26T10:15:03.143+0000][gc            ] GC(5) Pause Remark 145M->145M(1024M) 15.792ms
[2023-12-26T10:15:03.143+0000][gc,cpu        ] GC(5) User=0.01s Sys=0.00s Real=0.01s
[2023-12-26T10:15:03.143+0000][gc,marking    ] GC(5) Concurrent Rebuild Remembered Sets
[2023-12-26T10:15:03.174+0000][gc,marking    ] GC(5) Concurrent Rebuild Remembered Sets 30.809ms
[2023-12-26T10:15:03.179+0000][gc,start      ] GC(5) Pause Cleanup
[2023-12-26T10:15:03.179+0000][gc            ] GC(5) Pause Cleanup 145M->145M(1024M) 0.242ms
[2023-12-26T10:15:03.179+0000][gc,cpu        ] GC(5) User=0.00s Sys=0.00s Real=0.00s
[2023-12-26T10:15:03.179+0000][gc,marking    ] GC(5) Concurrent Cleanup for Next Mark
[2023-12-26T10:15:03.205+0000][gc,marking    ] GC(5) Concurrent Cleanup for Next Mark 26.430ms
[2023-12-26T10:15:03.205+0000][gc            ] GC(5) Concurrent Cycle 209.334ms
[2023-12-26T10:18:14.754+0000][gc,start      ] GC(6) Pause Young (Normal) (G1 Evacuation Pause)
[2023-12-26T10:18:14.754+0000][gc,task       ] GC(6) Using 1 workers of 1 for evacuation
[2023-12-26T10:18:14.784+0000][gc,mmu        ] GC(6) MMU target violated: 21.0ms (20.0ms/21.0ms)
[2023-12-26T10:18:14.785+0000][gc,phases     ] GC(6)   Pre Evacuate Collection Set: 0.1ms
[2023-12-26T10:18:14.785+0000][gc,phases     ] GC(6)   Evacuate Collection Set: 29.3ms
[2023-12-26T10:18:14.785+0000][gc,phases     ] GC(6)   Post Evacuate Collection Set: 0.6ms
[2023-12-26T10:18:14.785+0000][gc,phases     ] GC(6)   Other: 0.5ms
[2023-12-26T10:18:14.785+0000][gc,heap       ] GC(6) Eden regions: 44->0(49)
[2023-12-26T10:18:14.785+0000][gc,heap       ] GC(6) Survivor regions: 7->2(7)
[2023-12-26T10:18:14.785+0000][gc,heap       ] GC(6) Old regions: 8->14
[2023-12-26T10:18:14.785+0000][gc,heap       ] GC(6) Humongous regions: 135->129
[2023-12-26T10:18:14.785+0000][gc,metaspace  ] GC(6) Metaspace: 40802K(43136K)->40802K(43136K) NonClass: 35681K(36864K)->35681K(36864K) Class: 5121K(6272K)->5121K(6272K)
[2023-12-26T10:18:14.785+0000][gc            ] GC(6) Pause Young (Normal) (G1 Evacuation Pause) 193M->144M(1024M) 30.452ms
[2023-12-26T10:18:14.785+0000][gc,cpu        ] GC(6) User=0.03s Sys=0.00s Real=0.03s
[2023-12-26T10:41:22.028+0000][gc,start      ] GC(7) Pause Young (Normal) (G1 Evacuation Pause)
[2023-12-26T10:41:22.030+0000][gc,task       ] GC(7) Using 1 workers of 1 for evacuation
[2023-12-26T10:41:22.281+0000][gc,mmu        ] GC(7) MMU target violated: 21.0ms (20.0ms/21.0ms)
[2023-12-26T10:41:22.283+0000][gc,phases     ] GC(7)   Pre Evacuate Collection Set: 0.4ms
[2023-12-26T10:41:22.283+0000][gc,phases     ] GC(7)   Evacuate Collection Set: 236.1ms
[2023-12-26T10:41:22.283+0000][gc,phases     ] GC(7)   Post Evacuate Collection Set: 14.5ms
[2023-12-26T10:41:22.284+0000][gc,phases     ] GC(7)   Other: 57.2ms
[2023-12-26T10:41:22.284+0000][gc,heap       ] GC(7) Eden regions: 49->0(47)
[2023-12-26T10:41:22.284+0000][gc,heap       ] GC(7) Survivor regions: 2->4(7)
[2023-12-26T10:41:22.284+0000][gc,heap       ] GC(7) Old regions: 14->14
[2023-12-26T10:41:22.284+0000][gc,heap       ] GC(7) Humongous regions: 129->129
[2023-12-26T10:41:22.284+0000][gc,metaspace  ] GC(7) Metaspace: 43155K(45824K)->43155K(45824K) NonClass: 37578K(38912K)->37578K(38912K) Class: 5576K(6912K)->5576K(6912K)
[2023-12-26T10:41:22.285+0000][gc            ] GC(7) Pause Young (Normal) (G1 Evacuation Pause) 193M->146M(1024M) 255.676ms
[2023-12-26T10:41:22.285+0000][gc,cpu        ] GC(7) User=0.02s Sys=0.00s Real=0.26s
[2023-12-26T10:41:24.246+0000][gc,heap,exit  ] Heap
[2023-12-26T10:41:24.246+0000][gc,heap,exit  ]  garbage-first heap   total 1048576K, used 156061K [0x00000000c0000000, 0x0000000100000000)
[2023-12-26T10:41:24.246+0000][gc,heap,exit  ]   region size 1024K, 11 young (11264K), 4 survivors (4096K)
[2023-12-26T10:41:24.246+0000][gc,heap,exit  ]  Metaspace       used 43557K, capacity 46251K, committed 46464K, reserved 1089536K
[2023-12-26T10:41:24.246+0000][gc,heap,exit  ]   class space    used 5685K, capacity 7021K, committed 7040K, reserved 1048576K
