[2023-12-26T10:06:07.276+0000][gc,heap] Heap region size: 1M
[2023-12-26T10:06:07.288+0000][gc     ] Using G1
[2023-12-26T10:06:07.288+0000][gc,heap,coops] Heap address: 0x00000000c0000000, size: 1024 MB, Compressed Oops mode: 32-bit
[2023-12-26T10:06:09.583+0000][gc,start     ] GC(0) Pause Young (Normal) (G1 Evacuation Pause)
[2023-12-26T10:06:09.583+0000][gc,task      ] GC(0) Using 1 workers of 1 for evacuation
[2023-12-26T10:06:09.607+0000][gc,mmu       ] GC(0) MMU target violated: 21.0ms (20.0ms/21.0ms)
[2023-12-26T10:06:09.608+0000][gc,phases    ] GC(0)   Pre Evacuate Collection Set: 0.0ms
[2023-12-26T10:06:09.608+0000][gc,phases    ] GC(0)   Evacuate Collection Set: 23.1ms
[2023-12-26T10:06:09.608+0000][gc,phases    ] GC(0)   Post Evacuate Collection Set: 0.6ms
[2023-12-26T10:06:09.608+0000][gc,phases    ] GC(0)   Other: 0.9ms
[2023-12-26T10:06:09.608+0000][gc,heap      ] GC(0) Eden regions: 51->0(44)
[2023-12-26T10:06:09.608+0000][gc,heap      ] GC(0) Survivor regions: 0->7(7)
[2023-12-26T10:06:09.608+0000][gc,heap      ] GC(0) Old regions: 0->1
[2023-12-26T10:06:09.608+0000][gc,heap      ] GC(0) Humongous regions: 0->0
[2023-12-26T10:06:09.608+0000][gc,metaspace ] GC(0) Metaspace: 14122K(14848K)->14122K(14848K) NonClass: 12394K(12800K)->12394K(12800K) Class: 1727K(2048K)->1727K(2048K)
[2023-12-26T10:06:09.608+0000][gc           ] GC(0) Pause Young (Normal) (G1 Evacuation Pause) 51M->7M(1024M) 25.138ms
[2023-12-26T10:06:09.608+0000][gc,cpu       ] GC(0) User=0.01s Sys=0.00s Real=0.03s
[2023-12-26T10:06:10.516+0000][gc,start     ] GC(1) Pause Young (Concurrent Start) (Metadata GC Threshold)
[2023-12-26T10:06:10.516+0000][gc,task      ] GC(1) Using 1 workers of 1 for evacuation
[2023-12-26T10:06:10.540+0000][gc,mmu       ] GC(1) MMU target violated: 21.0ms (20.0ms/21.0ms)
[2023-12-26T10:06:10.540+0000][gc,phases    ] GC(1)   Pre Evacuate Collection Set: 0.1ms
[2023-12-26T10:06:10.540+0000][gc,phases    ] GC(1)   Evacuate Collection Set: 22.2ms
[2023-12-26T10:06:10.540+0000][gc,phases    ] GC(1)   Post Evacuate Collection Set: 1.7ms
[2023-12-26T10:06:10.540+0000][gc,phases    ] GC(1)   Other: 0.6ms
[2023-12-26T10:06:10.540+0000][gc,heap      ] GC(1) Eden regions: 30->0(50)
[2023-12-26T10:06:10.540+0000][gc,heap      ] GC(1) Survivor regions: 7->1(7)
[2023-12-26T10:06:10.540+0000][gc,heap      ] GC(1) Old regions: 1->8
[2023-12-26T10:06:10.540+0000][gc,heap      ] GC(1) Humongous regions: 0->0
[2023-12-26T10:06:10.540+0000][gc,metaspace ] GC(1) Metaspace: 20550K(21248K)->20550K(21248K) NonClass: 18071K(18432K)->18071K(18432K) Class: 2478K(2816K)->2478K(2816K)
[2023-12-26T10:06:10.540+0000][gc           ] GC(1) Pause Young (Concurrent Start) (Metadata GC Threshold) 37M->8M(1024M) 24.780ms
[2023-12-26T10:06:10.540+0000][gc,cpu       ] GC(1) User=0.02s Sys=0.00s Real=0.02s
[2023-12-26T10:06:10.550+0000][gc           ] GC(2) Concurrent Cycle
[2023-12-26T10:06:10.550+0000][gc,marking   ] GC(2) Concurrent Clear Claimed Marks
[2023-12-26T10:06:10.550+0000][gc,marking   ] GC(2) Concurrent Clear Claimed Marks 0.154ms
[2023-12-26T10:06:10.550+0000][gc,marking   ] GC(2) Concurrent Scan Root Regions
[2023-12-26T10:06:10.551+0000][gc,marking   ] GC(2) Concurrent Scan Root Regions 1.326ms
[2023-12-26T10:06:10.551+0000][gc,marking   ] GC(2) Concurrent Mark (3.279s)
[2023-12-26T10:06:10.551+0000][gc,marking   ] GC(2) Concurrent Mark From Roots
[2023-12-26T10:06:10.551+0000][gc,task      ] GC(2) Using 1 workers of 1 for marking
[2023-12-26T10:06:10.574+0000][gc,marking   ] GC(2) Concurrent Mark From Roots 22.855ms
[2023-12-26T10:06:10.574+0000][gc,marking   ] GC(2) Concurrent Preclean
[2023-12-26T10:06:10.574+0000][gc,marking   ] GC(2) Concurrent Preclean 0.071ms
[2023-12-26T10:06:10.574+0000][gc,marking   ] GC(2) Concurrent Mark (3.279s, 3.302s) 22.968ms
[2023-12-26T10:06:10.574+0000][gc,start     ] GC(2) Pause Remark
[2023-12-26T10:06:10.580+0000][gc,stringtable] GC(2) Cleaned string and symbol table, strings: 9532 processed, 0 removed, symbols: 53283 processed, 44 removed
[2023-12-26T10:06:10.580+0000][gc            ] GC(2) Pause Remark 10M->10M(1024M) 5.933ms
[2023-12-26T10:06:10.580+0000][gc,cpu        ] GC(2) User=0.01s Sys=0.00s Real=0.00s
[2023-12-26T10:06:10.581+0000][gc,marking    ] GC(2) Concurrent Rebuild Remembered Sets
[2023-12-26T10:06:10.599+0000][gc,marking    ] GC(2) Concurrent Rebuild Remembered Sets 18.822ms
[2023-12-26T10:06:10.600+0000][gc,start      ] GC(2) Pause Cleanup
[2023-12-26T10:06:10.600+0000][gc            ] GC(2) Pause Cleanup 10M->10M(1024M) 0.311ms
[2023-12-26T10:06:10.600+0000][gc,cpu        ] GC(2) User=0.00s Sys=0.00s Real=0.00s
[2023-12-26T10:06:10.600+0000][gc,marking    ] GC(2) Concurrent Cleanup for Next Mark
[2023-12-26T10:06:10.628+0000][gc,marking    ] GC(2) Concurrent Cleanup for Next Mark 28.309ms
[2023-12-26T10:06:10.628+0000][gc            ] GC(2) Concurrent Cycle 87.900ms
[2023-12-26T10:06:13.160+0000][gc,start      ] GC(3) Pause Young (Normal) (G1 Evacuation Pause)
[2023-12-26T10:06:13.161+0000][gc,task       ] GC(3) Using 1 workers of 1 for evacuation
[2023-12-26T10:06:13.175+0000][gc,phases     ] GC(3)   Pre Evacuate Collection Set: 0.3ms
[2023-12-26T10:06:13.175+0000][gc,phases     ] GC(3)   Evacuate Collection Set: 10.7ms
[2023-12-26T10:06:13.175+0000][gc,phases     ] GC(3)   Post Evacuate Collection Set: 0.3ms
[2023-12-26T10:06:13.175+0000][gc,phases     ] GC(3)   Other: 1.3ms
[2023-12-26T10:06:13.175+0000][gc,heap       ] GC(3) Eden regions: 50->0(48)
[2023-12-26T10:06:13.175+0000][gc,heap       ] GC(3) Survivor regions: 1->3(7)
[2023-12-26T10:06:13.175+0000][gc,heap       ] GC(3) Old regions: 8->8
[2023-12-26T10:06:13.175+0000][gc,heap       ] GC(3) Humongous regions: 129->129
[2023-12-26T10:06:13.175+0000][gc,metaspace  ] GC(3) Metaspace: 28488K(29568K)->28488K(29568K) NonClass: 25204K(25856K)->25204K(25856K) Class: 3284K(3712K)->3284K(3712K)
[2023-12-26T10:06:13.176+0000][gc            ] GC(3) Pause Young (Normal) (G1 Evacuation Pause) 187M->139M(1024M) 15.450ms
[2023-12-26T10:06:13.176+0000][gc,cpu        ] GC(3) User=0.01s Sys=0.00s Real=0.02s
[2023-12-26T10:06:14.257+0000][gc,start      ] GC(4) Pause Young (Concurrent Start) (Metadata GC Threshold)
[2023-12-26T10:06:14.257+0000][gc,task       ] GC(4) Using 1 workers of 1 for evacuation
[2023-12-26T10:06:14.284+0000][gc,mmu        ] GC(4) MMU target violated: 21.0ms (20.0ms/21.0ms)
[2023-12-26T10:06:14.284+0000][gc,phases     ] GC(4)   Pre Evacuate Collection Set: 0.2ms
[2023-12-26T10:06:14.284+0000][gc,phases     ] GC(4)   Evacuate Collection Set: 25.7ms
[2023-12-26T10:06:14.284+0000][gc,phases     ] GC(4)   Post Evacuate Collection Set: 0.3ms
[2023-12-26T10:06:14.284+0000][gc,phases     ] GC(4)   Other: 0.4ms
[2023-12-26T10:06:14.284+0000][gc,heap       ] GC(4) Eden regions: 39->0(44)
[2023-12-26T10:06:14.284+0000][gc,heap       ] GC(4) Survivor regions: 3->7(7)
[2023-12-26T10:06:14.284+0000][gc,heap       ] GC(4) Old regions: 8->8
[2023-12-26T10:06:14.284+0000][gc,heap       ] GC(4) Humongous regions: 129->129
[2023-12-26T10:06:14.284+0000][gc,metaspace  ] GC(4) Metaspace: 34359K(35840K)->34359K(35840K) NonClass: 30349K(31104K)->30349K(31104K) Class: 4009K(4736K)->4009K(4736K)
[2023-12-26T10:06:14.285+0000][gc            ] GC(4) Pause Young (Concurrent Start) (Metadata GC Threshold) 178M->143M(1024M) 27.168ms
[2023-12-26T10:06:14.285+0000][gc,cpu        ] GC(4) User=0.03s Sys=0.01s Real=0.03s
[2023-12-26T10:06:14.285+0000][gc            ] GC(5) Concurrent Cycle
[2023-12-26T10:06:14.285+0000][gc,marking    ] GC(5) Concurrent Clear Claimed Marks
[2023-12-26T10:06:14.285+0000][gc,marking    ] GC(5) Concurrent Clear Claimed Marks 0.140ms
[2023-12-26T10:06:14.285+0000][gc,marking    ] GC(5) Concurrent Scan Root Regions
[2023-12-26T10:06:14.310+0000][gc,marking    ] GC(5) Concurrent Scan Root Regions 25.178ms
[2023-12-26T10:06:14.310+0000][gc,marking    ] GC(5) Concurrent Mark (7.038s)
[2023-12-26T10:06:14.310+0000][gc,marking    ] GC(5) Concurrent Mark From Roots
[2023-12-26T10:06:14.310+0000][gc,task       ] GC(5) Using 1 workers of 1 for marking
[2023-12-26T10:06:14.413+0000][gc,marking    ] GC(5) Concurrent Mark From Roots 103.182ms
[2023-12-26T10:06:14.413+0000][gc,marking    ] GC(5) Concurrent Preclean
[2023-12-26T10:06:14.413+0000][gc,marking    ] GC(5) Concurrent Preclean 0.098ms
[2023-12-26T10:06:14.413+0000][gc,marking    ] GC(5) Concurrent Mark (7.038s, 7.142s) 103.333ms
[2023-12-26T10:06:14.414+0000][gc,start      ] GC(5) Pause Remark
[2023-12-26T10:06:14.427+0000][gc,stringtable] GC(5) Cleaned string and symbol table, strings: 14714 processed, 9 removed, symbols: 84414 processed, 15 removed
[2023-12-26T10:06:14.428+0000][gc            ] GC(5) Pause Remark 145M->145M(1024M) 13.954ms
[2023-12-26T10:06:14.428+0000][gc,cpu        ] GC(5) User=0.02s Sys=0.00s Real=0.01s
[2023-12-26T10:06:14.428+0000][gc,marking    ] GC(5) Concurrent Rebuild Remembered Sets
[2023-12-26T10:06:14.453+0000][gc,marking    ] GC(5) Concurrent Rebuild Remembered Sets 25.385ms
[2023-12-26T10:06:14.458+0000][gc,start      ] GC(5) Pause Cleanup
[2023-12-26T10:06:14.459+0000][gc            ] GC(5) Pause Cleanup 145M->145M(1024M) 0.220ms
[2023-12-26T10:06:14.459+0000][gc,cpu        ] GC(5) User=0.00s Sys=0.00s Real=0.00s
[2023-12-26T10:06:14.459+0000][gc,marking    ] GC(5) Concurrent Cleanup for Next Mark
[2023-12-26T10:06:14.526+0000][gc,marking    ] GC(5) Concurrent Cleanup for Next Mark 67.563ms
[2023-12-26T10:06:14.526+0000][gc            ] GC(5) Concurrent Cycle 241.571ms
[2023-12-26T10:08:47.319+0000][gc,start      ] GC(6) Pause Young (Normal) (G1 Evacuation Pause)
[2023-12-26T10:08:47.322+0000][gc,task       ] GC(6) Using 1 workers of 1 for evacuation
[2023-12-26T10:08:47.487+0000][gc,mmu        ] GC(6) MMU target violated: 21.0ms (20.0ms/21.0ms)
[2023-12-26T10:08:47.488+0000][gc,phases     ] GC(6)   Pre Evacuate Collection Set: 36.6ms
[2023-12-26T10:08:47.489+0000][gc,phases     ] GC(6)   Evacuate Collection Set: 126.6ms
[2023-12-26T10:08:47.489+0000][gc,phases     ] GC(6)   Post Evacuate Collection Set: 1.0ms
[2023-12-26T10:08:47.489+0000][gc,phases     ] GC(6)   Other: 4.5ms
[2023-12-26T10:08:47.489+0000][gc,heap       ] GC(6) Eden regions: 44->0(49)
[2023-12-26T10:08:47.489+0000][gc,heap       ] GC(6) Survivor regions: 7->2(7)
[2023-12-26T10:08:47.489+0000][gc,heap       ] GC(6) Old regions: 8->14
[2023-12-26T10:08:47.489+0000][gc,heap       ] GC(6) Humongous regions: 135->129
[2023-12-26T10:08:47.490+0000][gc,metaspace  ] GC(6) Metaspace: 40970K(43392K)->40970K(43392K) NonClass: 35790K(37120K)->35790K(37120K) Class: 5179K(6272K)->5179K(6272K)
[2023-12-26T10:08:47.492+0000][gc            ] GC(6) Pause Young (Normal) (G1 Evacuation Pause) 193M->144M(1024M) 171.137ms
[2023-12-26T10:08:47.492+0000][gc,cpu        ] GC(6) User=0.03s Sys=0.01s Real=0.18s
[2023-12-26T10:12:37.709+0000][gc,heap,exit  ] Heap
[2023-12-26T10:12:37.710+0000][gc,heap,exit  ]  garbage-first heap   total 1048576K, used 173878K [0x00000000c0000000, 0x0000000100000000)
[2023-12-26T10:12:37.710+0000][gc,heap,exit  ]   region size 1024K, 29 young (29696K), 2 survivors (2048K)
[2023-12-26T10:12:37.710+0000][gc,heap,exit  ]  Metaspace       used 43309K, capacity 46023K, committed 46208K, reserved 1089536K
[2023-12-26T10:12:37.710+0000][gc,heap,exit  ]   class space    used 5661K, capacity 6985K, committed 7040K, reserved 1048576K
