[2023-12-23T21:33:12.930+0000][gc,heap] Heap region size: 1M
[2023-12-23T21:33:12.941+0000][gc     ] Using G1
[2023-12-23T21:33:12.941+0000][gc,heap,coops] Heap address: 0x00000000c0000000, size: 1024 MB, Compressed Oops mode: 32-bit
[2023-12-23T21:33:14.944+0000][gc,start     ] GC(0) Pause Young (Normal) (G1 Evacuation Pause)
[2023-12-23T21:33:14.944+0000][gc,task      ] GC(0) Using 1 workers of 1 for evacuation
[2023-12-23T21:33:14.959+0000][gc,phases    ] GC(0)   Pre Evacuate Collection Set: 0.1ms
[2023-12-23T21:33:14.959+0000][gc,phases    ] GC(0)   Evacuate Collection Set: 14.7ms
[2023-12-23T21:33:14.959+0000][gc,phases    ] GC(0)   Post Evacuate Collection Set: 0.4ms
[2023-12-23T21:33:14.959+0000][gc,phases    ] GC(0)   Other: 0.3ms
[2023-12-23T21:33:14.959+0000][gc,heap      ] GC(0) Eden regions: 51->0(44)
[2023-12-23T21:33:14.959+0000][gc,heap      ] GC(0) Survivor regions: 0->7(7)
[2023-12-23T21:33:14.959+0000][gc,heap      ] GC(0) Old regions: 0->1
[2023-12-23T21:33:14.959+0000][gc,heap      ] GC(0) Humongous regions: 0->0
[2023-12-23T21:33:14.959+0000][gc,metaspace ] GC(0) Metaspace: 13964K(14720K)->13964K(14720K) NonClass: 12251K(12800K)->12251K(12800K) Class: 1713K(1920K)->1713K(1920K)
[2023-12-23T21:33:14.959+0000][gc           ] GC(0) Pause Young (Normal) (G1 Evacuation Pause) 51M->7M(1024M) 15.571ms
[2023-12-23T21:33:14.959+0000][gc,cpu       ] GC(0) User=0.01s Sys=0.00s Real=0.01s
[2023-12-23T21:33:15.759+0000][gc,start     ] GC(1) Pause Young (Concurrent Start) (Metadata GC Threshold)
[2023-12-23T21:33:15.759+0000][gc,task      ] GC(1) Using 1 workers of 1 for evacuation
[2023-12-23T21:33:15.777+0000][gc,phases    ] GC(1)   Pre Evacuate Collection Set: 0.1ms
[2023-12-23T21:33:15.777+0000][gc,phases    ] GC(1)   Evacuate Collection Set: 17.2ms
[2023-12-23T21:33:15.777+0000][gc,phases    ] GC(1)   Post Evacuate Collection Set: 0.5ms
[2023-12-23T21:33:15.777+0000][gc,phases    ] GC(1)   Other: 0.4ms
[2023-12-23T21:33:15.777+0000][gc,heap      ] GC(1) Eden regions: 30->0(50)
[2023-12-23T21:33:15.777+0000][gc,heap      ] GC(1) Survivor regions: 7->1(7)
[2023-12-23T21:33:15.777+0000][gc,heap      ] GC(1) Old regions: 1->8
[2023-12-23T21:33:15.777+0000][gc,heap      ] GC(1) Humongous regions: 0->0
[2023-12-23T21:33:15.777+0000][gc,metaspace ] GC(1) Metaspace: 20526K(21248K)->20526K(21248K) NonClass: 18051K(18432K)->18051K(18432K) Class: 2475K(2816K)->2475K(2816K)
[2023-12-23T21:33:15.777+0000][gc           ] GC(1) Pause Young (Concurrent Start) (Metadata GC Threshold) 37M->8M(1024M) 18.295ms
[2023-12-23T21:33:15.777+0000][gc,cpu       ] GC(1) User=0.01s Sys=0.00s Real=0.02s
[2023-12-23T21:33:15.777+0000][gc           ] GC(2) Concurrent Cycle
[2023-12-23T21:33:15.777+0000][gc,marking   ] GC(2) Concurrent Clear Claimed Marks
[2023-12-23T21:33:15.777+0000][gc,marking   ] GC(2) Concurrent Clear Claimed Marks 0.040ms
[2023-12-23T21:33:15.777+0000][gc,marking   ] GC(2) Concurrent Scan Root Regions
[2023-12-23T21:33:15.781+0000][gc,marking   ] GC(2) Concurrent Scan Root Regions 3.575ms
[2023-12-23T21:33:15.781+0000][gc,marking   ] GC(2) Concurrent Mark (2.855s)
[2023-12-23T21:33:15.781+0000][gc,marking   ] GC(2) Concurrent Mark From Roots
[2023-12-23T21:33:15.781+0000][gc,task      ] GC(2) Using 1 workers of 1 for marking
[2023-12-23T21:33:15.823+0000][gc,marking   ] GC(2) Concurrent Mark From Roots 41.758ms
[2023-12-23T21:33:15.823+0000][gc,marking   ] GC(2) Concurrent Preclean
[2023-12-23T21:33:15.823+0000][gc,marking   ] GC(2) Concurrent Preclean 0.091ms
[2023-12-23T21:33:15.823+0000][gc,marking   ] GC(2) Concurrent Mark (2.855s, 2.897s) 41.900ms
[2023-12-23T21:33:15.823+0000][gc,start     ] GC(2) Pause Remark
[2023-12-23T21:33:15.828+0000][gc,stringtable] GC(2) Cleaned string and symbol table, strings: 9544 processed, 12 removed, symbols: 53296 processed, 44 removed
[2023-12-23T21:33:15.828+0000][gc            ] GC(2) Pause Remark 10M->10M(1024M) 5.268ms
[2023-12-23T21:33:15.828+0000][gc,cpu        ] GC(2) User=0.00s Sys=0.00s Real=0.00s
[2023-12-23T21:33:15.828+0000][gc,marking    ] GC(2) Concurrent Rebuild Remembered Sets
[2023-12-23T21:33:15.849+0000][gc,marking    ] GC(2) Concurrent Rebuild Remembered Sets 20.372ms
[2023-12-23T21:33:15.855+0000][gc,start      ] GC(2) Pause Cleanup
[2023-12-23T21:33:15.855+0000][gc            ] GC(2) Pause Cleanup 10M->10M(1024M) 0.234ms
[2023-12-23T21:33:15.855+0000][gc,cpu        ] GC(2) User=0.00s Sys=0.00s Real=0.00s
[2023-12-23T21:33:15.855+0000][gc,marking    ] GC(2) Concurrent Cleanup for Next Mark
[2023-12-23T21:33:15.865+0000][gc,marking    ] GC(2) Concurrent Cleanup for Next Mark 10.102ms
[2023-12-23T21:33:15.865+0000][gc            ] GC(2) Concurrent Cycle 88.042ms
[2023-12-23T21:33:16.993+0000][gc,start      ] GC(3) Pause Young (Normal) (G1 Evacuation Pause)
[2023-12-23T21:33:16.993+0000][gc,task       ] GC(3) Using 1 workers of 1 for evacuation
[2023-12-23T21:33:17.013+0000][gc,phases     ] GC(3)   Pre Evacuate Collection Set: 0.0ms
[2023-12-23T21:33:17.013+0000][gc,phases     ] GC(3)   Evacuate Collection Set: 19.2ms
[2023-12-23T21:33:17.013+0000][gc,phases     ] GC(3)   Post Evacuate Collection Set: 0.4ms
[2023-12-23T21:33:17.013+0000][gc,phases     ] GC(3)   Other: 0.3ms
[2023-12-23T21:33:17.013+0000][gc,heap       ] GC(3) Eden regions: 50->0(46)
[2023-12-23T21:33:17.013+0000][gc,heap       ] GC(3) Survivor regions: 1->5(7)
[2023-12-23T21:33:17.013+0000][gc,heap       ] GC(3) Old regions: 8->8
[2023-12-23T21:33:17.013+0000][gc,heap       ] GC(3) Humongous regions: 129->129
[2023-12-23T21:33:17.013+0000][gc,metaspace  ] GC(3) Metaspace: 28422K(29696K)->28422K(29696K) NonClass: 25102K(25856K)->25102K(25856K) Class: 3320K(3840K)->3320K(3840K)
[2023-12-23T21:33:17.013+0000][gc            ] GC(3) Pause Young (Normal) (G1 Evacuation Pause) 187M->140M(1024M) 20.070ms
[2023-12-23T21:33:17.013+0000][gc,cpu        ] GC(3) User=0.02s Sys=0.00s Real=0.02s
[2023-12-23T21:33:17.915+0000][gc,start      ] GC(4) Pause Young (Concurrent Start) (Metadata GC Threshold)
[2023-12-23T21:33:17.915+0000][gc,task       ] GC(4) Using 1 workers of 1 for evacuation
[2023-12-23T21:33:17.937+0000][gc,mmu        ] GC(4) MMU target violated: 21.0ms (20.0ms/21.0ms)
[2023-12-23T21:33:17.937+0000][gc,phases     ] GC(4)   Pre Evacuate Collection Set: 0.2ms
[2023-12-23T21:33:17.937+0000][gc,phases     ] GC(4)   Evacuate Collection Set: 21.3ms
[2023-12-23T21:33:17.937+0000][gc,phases     ] GC(4)   Post Evacuate Collection Set: 0.3ms
[2023-12-23T21:33:17.937+0000][gc,phases     ] GC(4)   Other: 0.4ms
[2023-12-23T21:33:17.937+0000][gc,heap       ] GC(4) Eden regions: 34->0(48)
[2023-12-23T21:33:17.937+0000][gc,heap       ] GC(4) Survivor regions: 5->3(7)
[2023-12-23T21:33:17.937+0000][gc,heap       ] GC(4) Old regions: 8->12
[2023-12-23T21:33:17.937+0000][gc,heap       ] GC(4) Humongous regions: 129->129
[2023-12-23T21:33:17.937+0000][gc,metaspace  ] GC(4) Metaspace: 34411K(35840K)->34411K(35840K) NonClass: 30391K(31104K)->30391K(31104K) Class: 4020K(4736K)->4020K(4736K)
[2023-12-23T21:33:17.937+0000][gc            ] GC(4) Pause Young (Concurrent Start) (Metadata GC Threshold) 174M->143M(1024M) 22.229ms
[2023-12-23T21:33:17.937+0000][gc,cpu        ] GC(4) User=0.03s Sys=0.00s Real=0.02s
[2023-12-23T21:33:17.937+0000][gc            ] GC(5) Concurrent Cycle
[2023-12-23T21:33:17.937+0000][gc,marking    ] GC(5) Concurrent Clear Claimed Marks
[2023-12-23T21:33:17.937+0000][gc,marking    ] GC(5) Concurrent Clear Claimed Marks 0.041ms
[2023-12-23T21:33:17.937+0000][gc,marking    ] GC(5) Concurrent Scan Root Regions
[2023-12-23T21:33:17.941+0000][gc,marking    ] GC(5) Concurrent Scan Root Regions 4.202ms
[2023-12-23T21:33:17.941+0000][gc,marking    ] GC(5) Concurrent Mark (5.015s)
[2023-12-23T21:33:17.941+0000][gc,marking    ] GC(5) Concurrent Mark From Roots
[2023-12-23T21:33:17.941+0000][gc,task       ] GC(5) Using 1 workers of 1 for marking
[2023-12-23T21:33:17.985+0000][gc,marking    ] GC(5) Concurrent Mark From Roots 43.297ms
[2023-12-23T21:33:17.985+0000][gc,marking    ] GC(5) Concurrent Preclean
[2023-12-23T21:33:17.985+0000][gc,marking    ] GC(5) Concurrent Preclean 0.065ms
[2023-12-23T21:33:17.985+0000][gc,marking    ] GC(5) Concurrent Mark (5.015s, 5.059s) 43.415ms
[2023-12-23T21:33:17.987+0000][gc,start      ] GC(5) Pause Remark
[2023-12-23T21:33:17.994+0000][gc,stringtable] GC(5) Cleaned string and symbol table, strings: 14458 processed, 0 removed, symbols: 85826 processed, 15 removed
[2023-12-23T21:33:17.994+0000][gc            ] GC(5) Pause Remark 145M->145M(1024M) 6.622ms
[2023-12-23T21:33:17.994+0000][gc,cpu        ] GC(5) User=0.00s Sys=0.00s Real=0.01s
[2023-12-23T21:33:17.995+0000][gc,marking    ] GC(5) Concurrent Rebuild Remembered Sets
[2023-12-23T21:33:18.058+0000][gc,marking    ] GC(5) Concurrent Rebuild Remembered Sets 62.656ms
[2023-12-23T21:33:18.061+0000][gc,start      ] GC(5) Pause Cleanup
[2023-12-23T21:33:18.061+0000][gc            ] GC(5) Pause Cleanup 145M->145M(1024M) 0.346ms
[2023-12-23T21:33:18.061+0000][gc,cpu        ] GC(5) User=0.00s Sys=0.00s Real=0.00s
[2023-12-23T21:33:18.063+0000][gc,marking    ] GC(5) Concurrent Cleanup for Next Mark
[2023-12-23T21:33:18.089+0000][gc,marking    ] GC(5) Concurrent Cleanup for Next Mark 26.357ms
[2023-12-23T21:33:18.089+0000][gc            ] GC(5) Concurrent Cycle 151.983ms
[2023-12-23T21:42:55.137+0000][gc,start      ] GC(6) Pause Young (Normal) (G1 Evacuation Pause)
[2023-12-23T21:42:55.139+0000][gc,task       ] GC(6) Using 1 workers of 1 for evacuation
[2023-12-23T21:42:55.586+0000][gc,mmu        ] GC(6) MMU target violated: 21.0ms (20.0ms/21.0ms)
[2023-12-23T21:42:55.586+0000][gc,phases     ] GC(6)   Pre Evacuate Collection Set: 168.5ms
[2023-12-23T21:42:55.586+0000][gc,phases     ] GC(6)   Evacuate Collection Set: 266.0ms
[2023-12-23T21:42:55.586+0000][gc,phases     ] GC(6)   Post Evacuate Collection Set: 5.7ms
[2023-12-23T21:42:55.587+0000][gc,phases     ] GC(6)   Other: 13.6ms
[2023-12-23T21:42:55.587+0000][gc,heap       ] GC(6) Eden regions: 48->0(46)
[2023-12-23T21:42:55.587+0000][gc,heap       ] GC(6) Survivor regions: 3->5(7)
[2023-12-23T21:42:55.587+0000][gc,heap       ] GC(6) Old regions: 12->12
[2023-12-23T21:42:55.587+0000][gc,heap       ] GC(6) Humongous regions: 129->129
[2023-12-23T21:42:55.587+0000][gc,metaspace  ] GC(6) Metaspace: 40042K(42240K)->40042K(42240K) NonClass: 35009K(36096K)->35009K(36096K) Class: 5033K(6144K)->5033K(6144K)
[2023-12-23T21:42:55.588+0000][gc            ] GC(6) Pause Young (Normal) (G1 Evacuation Pause) 191M->145M(1024M) 450.078ms
[2023-12-23T21:42:55.588+0000][gc,cpu        ] GC(6) User=0.03s Sys=0.03s Real=0.45s
[2023-12-23T21:55:40.546+0000][gc,start      ] GC(7) Pause Young (Normal) (G1 Evacuation Pause)
[2023-12-23T21:55:40.546+0000][gc,task       ] GC(7) Using 1 workers of 1 for evacuation
[2023-12-23T21:55:40.586+0000][gc,mmu        ] GC(7) MMU target violated: 21.0ms (20.0ms/21.0ms)
[2023-12-23T21:55:40.586+0000][gc,phases     ] GC(7)   Pre Evacuate Collection Set: 0.1ms
[2023-12-23T21:55:40.586+0000][gc,phases     ] GC(7)   Evacuate Collection Set: 38.9ms
[2023-12-23T21:55:40.586+0000][gc,phases     ] GC(7)   Post Evacuate Collection Set: 0.8ms
[2023-12-23T21:55:40.586+0000][gc,phases     ] GC(7)   Other: 0.8ms
[2023-12-23T21:55:40.586+0000][gc,heap       ] GC(7) Eden regions: 46->0(46)
[2023-12-23T21:55:40.586+0000][gc,heap       ] GC(7) Survivor regions: 5->5(7)
[2023-12-23T21:55:40.586+0000][gc,heap       ] GC(7) Old regions: 12->14
[2023-12-23T21:55:40.586+0000][gc,heap       ] GC(7) Humongous regions: 129->129
[2023-12-23T21:55:40.586+0000][gc,metaspace  ] GC(7) Metaspace: 43904K(46720K)->43904K(46720K) NonClass: 38248K(39680K)->38248K(39680K) Class: 5656K(7040K)->5656K(7040K)
[2023-12-23T21:55:40.586+0000][gc            ] GC(7) Pause Young (Normal) (G1 Evacuation Pause) 191M->147M(1024M) 40.625ms
[2023-12-23T21:55:40.586+0000][gc,cpu        ] GC(7) User=0.04s Sys=0.00s Real=0.04s
[2023-12-23T22:10:07.088+0000][gc,start      ] GC(8) Pause Young (Normal) (G1 Evacuation Pause)
[2023-12-23T22:10:07.088+0000][gc,task       ] GC(8) Using 1 workers of 1 for evacuation
[2023-12-23T22:10:07.118+0000][gc,mmu        ] GC(8) MMU target violated: 21.0ms (20.0ms/21.0ms)
[2023-12-23T22:10:07.118+0000][gc,phases     ] GC(8)   Pre Evacuate Collection Set: 0.1ms
[2023-12-23T22:10:07.118+0000][gc,phases     ] GC(8)   Evacuate Collection Set: 29.2ms
[2023-12-23T22:10:07.118+0000][gc,phases     ] GC(8)   Post Evacuate Collection Set: 0.6ms
[2023-12-23T22:10:07.118+0000][gc,phases     ] GC(8)   Other: 0.5ms
[2023-12-23T22:10:07.118+0000][gc,heap       ] GC(8) Eden regions: 46->0(47)
[2023-12-23T22:10:07.118+0000][gc,heap       ] GC(8) Survivor regions: 5->4(7)
[2023-12-23T22:10:07.118+0000][gc,heap       ] GC(8) Old regions: 14->16
[2023-12-23T22:10:07.118+0000][gc,heap       ] GC(8) Humongous regions: 129->129
[2023-12-23T22:10:07.118+0000][gc,metaspace  ] GC(8) Metaspace: 44234K(47232K)->44234K(47232K) NonClass: 38569K(40192K)->38569K(40192K) Class: 5664K(7040K)->5664K(7040K)
[2023-12-23T22:10:07.118+0000][gc            ] GC(8) Pause Young (Normal) (G1 Evacuation Pause) 193M->149M(1024M) 30.489ms
[2023-12-23T22:10:07.118+0000][gc,cpu        ] GC(8) User=0.03s Sys=0.00s Real=0.03s
[2023-12-23T22:16:12.367+0000][gc,heap,exit  ] Heap
[2023-12-23T22:16:12.367+0000][gc,heap,exit  ]  garbage-first heap   total 1048576K, used 184320K [0x00000000c0000000, 0x0000000100000000)
[2023-12-23T22:16:12.367+0000][gc,heap,exit  ]   region size 1024K, 36 young (36864K), 4 survivors (4096K)
[2023-12-23T22:16:12.367+0000][gc,heap,exit  ]  Metaspace       used 45115K, capacity 48037K, committed 48384K, reserved 1089536K
[2023-12-23T22:16:12.367+0000][gc,heap,exit  ]   class space    used 5878K, capacity 7321K, committed 7424K, reserved 1048576K
