[2023-12-24T15:35:35.456+0000][gc,heap] Heap region size: 1M
[2023-12-24T15:35:35.468+0000][gc     ] Using G1
[2023-12-24T15:35:35.468+0000][gc,heap,coops] Heap address: 0x00000000c0000000, size: 1024 MB, Compressed Oops mode: 32-bit
[2023-12-24T15:35:37.476+0000][gc,start     ] GC(0) Pause Young (Normal) (G1 Evacuation Pause)
[2023-12-24T15:35:37.476+0000][gc,task      ] GC(0) Using 1 workers of 1 for evacuation
[2023-12-24T15:35:37.497+0000][gc,mmu       ] GC(0) MMU target violated: 20.8ms (20.0ms/21.0ms)
[2023-12-24T15:35:37.497+0000][gc,phases    ] GC(0)   Pre Evacuate Collection Set: 0.1ms
[2023-12-24T15:35:37.497+0000][gc,phases    ] GC(0)   Evacuate Collection Set: 19.8ms
[2023-12-24T15:35:37.497+0000][gc,phases    ] GC(0)   Post Evacuate Collection Set: 0.6ms
[2023-12-24T15:35:37.497+0000][gc,phases    ] GC(0)   Other: 0.5ms
[2023-12-24T15:35:37.497+0000][gc,heap      ] GC(0) Eden regions: 51->0(44)
[2023-12-24T15:35:37.497+0000][gc,heap      ] GC(0) Survivor regions: 0->7(7)
[2023-12-24T15:35:37.497+0000][gc,heap      ] GC(0) Old regions: 0->1
[2023-12-24T15:35:37.497+0000][gc,heap      ] GC(0) Humongous regions: 0->0
[2023-12-24T15:35:37.497+0000][gc,metaspace ] GC(0) Metaspace: 14127K(14848K)->14127K(14848K) NonClass: 12399K(12800K)->12399K(12800K) Class: 1727K(2048K)->1727K(2048K)
[2023-12-24T15:35:37.497+0000][gc           ] GC(0) Pause Young (Normal) (G1 Evacuation Pause) 51M->7M(1024M) 21.051ms
[2023-12-24T15:35:37.497+0000][gc,cpu       ] GC(0) User=0.01s Sys=0.01s Real=0.02s
[2023-12-24T15:35:38.366+0000][gc,start     ] GC(1) Pause Young (Concurrent Start) (Metadata GC Threshold)
[2023-12-24T15:35:38.366+0000][gc,task      ] GC(1) Using 1 workers of 1 for evacuation
[2023-12-24T15:35:38.389+0000][gc,mmu       ] GC(1) MMU target violated: 21.0ms (20.0ms/21.0ms)
[2023-12-24T15:35:38.389+0000][gc,phases    ] GC(1)   Pre Evacuate Collection Set: 0.1ms
[2023-12-24T15:35:38.389+0000][gc,phases    ] GC(1)   Evacuate Collection Set: 21.8ms
[2023-12-24T15:35:38.389+0000][gc,phases    ] GC(1)   Post Evacuate Collection Set: 0.3ms
[2023-12-24T15:35:38.389+0000][gc,phases    ] GC(1)   Other: 0.5ms
[2023-12-24T15:35:38.389+0000][gc,heap      ] GC(1) Eden regions: 30->0(50)
[2023-12-24T15:35:38.389+0000][gc,heap      ] GC(1) Survivor regions: 7->1(7)
[2023-12-24T15:35:38.389+0000][gc,heap      ] GC(1) Old regions: 1->8
[2023-12-24T15:35:38.389+0000][gc,heap      ] GC(1) Humongous regions: 0->0
[2023-12-24T15:35:38.389+0000][gc,metaspace ] GC(1) Metaspace: 20529K(21248K)->20529K(21248K) NonClass: 18053K(18432K)->18053K(18432K) Class: 2475K(2816K)->2475K(2816K)
[2023-12-24T15:35:38.389+0000][gc           ] GC(1) Pause Young (Concurrent Start) (Metadata GC Threshold) 36M->8M(1024M) 22.773ms
[2023-12-24T15:35:38.389+0000][gc,cpu       ] GC(1) User=0.02s Sys=0.00s Real=0.02s
[2023-12-24T15:35:38.390+0000][gc           ] GC(2) Concurrent Cycle
[2023-12-24T15:35:38.390+0000][gc,marking   ] GC(2) Concurrent Clear Claimed Marks
[2023-12-24T15:35:38.390+0000][gc,marking   ] GC(2) Concurrent Clear Claimed Marks 0.025ms
[2023-12-24T15:35:38.390+0000][gc,marking   ] GC(2) Concurrent Scan Root Regions
[2023-12-24T15:35:38.391+0000][gc,marking   ] GC(2) Concurrent Scan Root Regions 0.795ms
[2023-12-24T15:35:38.391+0000][gc,marking   ] GC(2) Concurrent Mark (2.938s)
[2023-12-24T15:35:38.391+0000][gc,marking   ] GC(2) Concurrent Mark From Roots
[2023-12-24T15:35:38.391+0000][gc,task      ] GC(2) Using 1 workers of 1 for marking
[2023-12-24T15:35:38.416+0000][gc,marking   ] GC(2) Concurrent Mark From Roots 25.006ms
[2023-12-24T15:35:38.416+0000][gc,marking   ] GC(2) Concurrent Preclean
[2023-12-24T15:35:38.416+0000][gc,marking   ] GC(2) Concurrent Preclean 0.059ms
[2023-12-24T15:35:38.416+0000][gc,marking   ] GC(2) Concurrent Mark (2.938s, 2.963s) 25.108ms
[2023-12-24T15:35:38.416+0000][gc,start     ] GC(2) Pause Remark
[2023-12-24T15:35:38.421+0000][gc,stringtable] GC(2) Cleaned string and symbol table, strings: 9524 processed, 0 removed, symbols: 53240 processed, 44 removed
[2023-12-24T15:35:38.421+0000][gc            ] GC(2) Pause Remark 9M->9M(1024M) 5.282ms
[2023-12-24T15:35:38.421+0000][gc,cpu        ] GC(2) User=0.01s Sys=0.00s Real=0.01s
[2023-12-24T15:35:38.421+0000][gc,marking    ] GC(2) Concurrent Rebuild Remembered Sets
[2023-12-24T15:35:38.449+0000][gc,marking    ] GC(2) Concurrent Rebuild Remembered Sets 27.355ms
[2023-12-24T15:35:38.449+0000][gc,start      ] GC(2) Pause Cleanup
[2023-12-24T15:35:38.449+0000][gc            ] GC(2) Pause Cleanup 11M->11M(1024M) 0.355ms
[2023-12-24T15:35:38.449+0000][gc,cpu        ] GC(2) User=0.00s Sys=0.00s Real=0.00s
[2023-12-24T15:35:38.449+0000][gc,marking    ] GC(2) Concurrent Cleanup for Next Mark
[2023-12-24T15:35:38.472+0000][gc,marking    ] GC(2) Concurrent Cleanup for Next Mark 22.468ms
[2023-12-24T15:35:38.472+0000][gc            ] GC(2) Concurrent Cycle 81.773ms
[2023-12-24T15:35:40.367+0000][gc,start      ] GC(3) Pause Young (Normal) (G1 Evacuation Pause)
[2023-12-24T15:35:40.367+0000][gc,task       ] GC(3) Using 1 workers of 1 for evacuation
[2023-12-24T15:35:40.377+0000][gc,phases     ] GC(3)   Pre Evacuate Collection Set: 0.0ms
[2023-12-24T15:35:40.377+0000][gc,phases     ] GC(3)   Evacuate Collection Set: 9.9ms
[2023-12-24T15:35:40.377+0000][gc,phases     ] GC(3)   Post Evacuate Collection Set: 0.2ms
[2023-12-24T15:35:40.377+0000][gc,phases     ] GC(3)   Other: 0.3ms
[2023-12-24T15:35:40.377+0000][gc,heap       ] GC(3) Eden regions: 50->0(48)
[2023-12-24T15:35:40.377+0000][gc,heap       ] GC(3) Survivor regions: 1->3(7)
[2023-12-24T15:35:40.377+0000][gc,heap       ] GC(3) Old regions: 8->8
[2023-12-24T15:35:40.377+0000][gc,heap       ] GC(3) Humongous regions: 129->129
[2023-12-24T15:35:40.377+0000][gc,metaspace  ] GC(3) Metaspace: 28472K(29568K)->28472K(29568K) NonClass: 25189K(25856K)->25189K(25856K) Class: 3282K(3712K)->3282K(3712K)
[2023-12-24T15:35:40.377+0000][gc            ] GC(3) Pause Young (Normal) (G1 Evacuation Pause) 187M->139M(1024M) 10.484ms
[2023-12-24T15:35:40.377+0000][gc,cpu        ] GC(3) User=0.01s Sys=0.00s Real=0.01s
[2023-12-24T15:35:41.345+0000][gc,start      ] GC(4) Pause Young (Concurrent Start) (Metadata GC Threshold)
[2023-12-24T15:35:41.345+0000][gc,task       ] GC(4) Using 1 workers of 1 for evacuation
[2023-12-24T15:35:41.380+0000][gc,mmu        ] GC(4) MMU target violated: 21.0ms (20.0ms/21.0ms)
[2023-12-24T15:35:41.380+0000][gc,phases     ] GC(4)   Pre Evacuate Collection Set: 0.1ms
[2023-12-24T15:35:41.380+0000][gc,phases     ] GC(4)   Evacuate Collection Set: 33.8ms
[2023-12-24T15:35:41.380+0000][gc,phases     ] GC(4)   Post Evacuate Collection Set: 0.5ms
[2023-12-24T15:35:41.380+0000][gc,phases     ] GC(4)   Other: 0.4ms
[2023-12-24T15:35:41.380+0000][gc,heap       ] GC(4) Eden regions: 40->0(44)
[2023-12-24T15:35:41.380+0000][gc,heap       ] GC(4) Survivor regions: 3->7(7)
[2023-12-24T15:35:41.380+0000][gc,heap       ] GC(4) Old regions: 8->8
[2023-12-24T15:35:41.380+0000][gc,heap       ] GC(4) Humongous regions: 129->129
[2023-12-24T15:35:41.380+0000][gc,metaspace  ] GC(4) Metaspace: 34264K(35840K)->34264K(35840K) NonClass: 30264K(31232K)->30264K(31232K) Class: 3999K(4608K)->3999K(4608K)
[2023-12-24T15:35:41.380+0000][gc            ] GC(4) Pause Young (Concurrent Start) (Metadata GC Threshold) 178M->143M(1024M) 34.979ms
[2023-12-24T15:35:41.380+0000][gc,cpu        ] GC(4) User=0.04s Sys=0.00s Real=0.04s
[2023-12-24T15:35:41.380+0000][gc            ] GC(5) Concurrent Cycle
[2023-12-24T15:35:41.380+0000][gc,marking    ] GC(5) Concurrent Clear Claimed Marks
[2023-12-24T15:35:41.381+0000][gc,marking    ] GC(5) Concurrent Clear Claimed Marks 0.082ms
[2023-12-24T15:35:41.381+0000][gc,marking    ] GC(5) Concurrent Scan Root Regions
[2023-12-24T15:35:41.397+0000][gc,marking    ] GC(5) Concurrent Scan Root Regions 16.347ms
[2023-12-24T15:35:41.397+0000][gc,marking    ] GC(5) Concurrent Mark (5.944s)
[2023-12-24T15:35:41.397+0000][gc,marking    ] GC(5) Concurrent Mark From Roots
[2023-12-24T15:35:41.397+0000][gc,task       ] GC(5) Using 1 workers of 1 for marking
[2023-12-24T15:35:41.473+0000][gc,marking    ] GC(5) Concurrent Mark From Roots 76.388ms
[2023-12-24T15:35:41.473+0000][gc,marking    ] GC(5) Concurrent Preclean
[2023-12-24T15:35:41.473+0000][gc,marking    ] GC(5) Concurrent Preclean 0.100ms
[2023-12-24T15:35:41.473+0000][gc,marking    ] GC(5) Concurrent Mark (5.944s, 6.021s) 76.557ms
[2023-12-24T15:35:41.474+0000][gc,start      ] GC(5) Pause Remark
[2023-12-24T15:35:41.485+0000][gc,stringtable] GC(5) Cleaned string and symbol table, strings: 14708 processed, 11 removed, symbols: 84411 processed, 15 removed
[2023-12-24T15:35:41.486+0000][gc            ] GC(5) Pause Remark 145M->145M(1024M) 11.882ms
[2023-12-24T15:35:41.486+0000][gc,cpu        ] GC(5) User=0.02s Sys=0.00s Real=0.01s
[2023-12-24T15:35:41.486+0000][gc,marking    ] GC(5) Concurrent Rebuild Remembered Sets
[2023-12-24T15:35:41.512+0000][gc,marking    ] GC(5) Concurrent Rebuild Remembered Sets 26.107ms
[2023-12-24T15:35:41.527+0000][gc,start      ] GC(5) Pause Cleanup
[2023-12-24T15:35:41.527+0000][gc            ] GC(5) Pause Cleanup 146M->146M(1024M) 0.192ms
[2023-12-24T15:35:41.527+0000][gc,cpu        ] GC(5) User=0.00s Sys=0.00s Real=0.00s
[2023-12-24T15:35:41.527+0000][gc,marking    ] GC(5) Concurrent Cleanup for Next Mark
[2023-12-24T15:35:41.574+0000][gc,marking    ] GC(5) Concurrent Cleanup for Next Mark 47.090ms
[2023-12-24T15:35:41.574+0000][gc            ] GC(5) Concurrent Cycle 193.545ms
[2023-12-24T15:36:35.083+0000][gc,start      ] GC(6) Pause Young (Normal) (G1 Evacuation Pause)
[2023-12-24T15:36:35.088+0000][gc,task       ] GC(6) Using 1 workers of 1 for evacuation
[2023-12-24T15:36:36.042+0000][gc,mmu        ] GC(6) MMU target violated: 21.0ms (20.0ms/21.0ms)
[2023-12-24T15:36:36.043+0000][gc,phases     ] GC(6)   Pre Evacuate Collection Set: 504.7ms
[2023-12-24T15:36:36.043+0000][gc,phases     ] GC(6)   Evacuate Collection Set: 440.4ms
[2023-12-24T15:36:36.043+0000][gc,phases     ] GC(6)   Post Evacuate Collection Set: 6.4ms
[2023-12-24T15:36:36.043+0000][gc,phases     ] GC(6)   Other: 8.7ms
[2023-12-24T15:36:36.044+0000][gc,heap       ] GC(6) Eden regions: 44->0(49)
[2023-12-24T15:36:36.044+0000][gc,heap       ] GC(6) Survivor regions: 7->2(7)
[2023-12-24T15:36:36.044+0000][gc,heap       ] GC(6) Old regions: 8->15
[2023-12-24T15:36:36.044+0000][gc,heap       ] GC(6) Humongous regions: 135->129
[2023-12-24T15:36:36.044+0000][gc,metaspace  ] GC(6) Metaspace: 40832K(43084K)->40832K(43084K) NonClass: 35660K(36812K)->35660K(36812K) Class: 5172K(6272K)->5172K(6272K)
[2023-12-24T15:36:36.044+0000][gc            ] GC(6) Pause Young (Normal) (G1 Evacuation Pause) 193M->145M(1024M) 960.986ms
[2023-12-24T15:36:36.044+0000][gc,cpu        ] GC(6) User=0.05s Sys=0.03s Real=0.96s
[2023-12-24T15:39:01.272+0000][gc,heap,exit  ] Heap
[2023-12-24T15:39:01.272+0000][gc,heap,exit  ]  garbage-first heap   total 1048576K, used 172402K [0x00000000c0000000, 0x0000000100000000)
[2023-12-24T15:39:01.272+0000][gc,heap,exit  ]   region size 1024K, 27 young (27648K), 2 survivors (2048K)
[2023-12-24T15:39:01.272+0000][gc,heap,exit  ]  Metaspace       used 43225K, capacity 45939K, committed 46156K, reserved 1089536K
[2023-12-24T15:39:01.272+0000][gc,heap,exit  ]   class space    used 5663K, capacity 6986K, committed 7040K, reserved 1048576K
