[2023-12-24T15:51:57.964+0000][gc,heap] Heap region size: 1M
[2023-12-24T15:51:57.974+0000][gc     ] Using G1
[2023-12-24T15:51:57.974+0000][gc,heap,coops] Heap address: 0x00000000c0000000, size: 1024 MB, Compressed Oops mode: 32-bit
[2023-12-24T15:52:00.118+0000][gc,start     ] GC(0) Pause Young (Normal) (G1 Evacuation Pause)
[2023-12-24T15:52:00.118+0000][gc,task      ] GC(0) Using 1 workers of 1 for evacuation
[2023-12-24T15:52:00.134+0000][gc,phases    ] GC(0)   Pre Evacuate Collection Set: 0.0ms
[2023-12-24T15:52:00.134+0000][gc,phases    ] GC(0)   Evacuate Collection Set: 16.1ms
[2023-12-24T15:52:00.134+0000][gc,phases    ] GC(0)   Post Evacuate Collection Set: 0.4ms
[2023-12-24T15:52:00.134+0000][gc,phases    ] GC(0)   Other: 0.2ms
[2023-12-24T15:52:00.134+0000][gc,heap      ] GC(0) Eden regions: 51->0(44)
[2023-12-24T15:52:00.134+0000][gc,heap      ] GC(0) Survivor regions: 0->7(7)
[2023-12-24T15:52:00.134+0000][gc,heap      ] GC(0) Old regions: 0->1
[2023-12-24T15:52:00.134+0000][gc,heap      ] GC(0) Humongous regions: 0->0
[2023-12-24T15:52:00.134+0000][gc,metaspace ] GC(0) Metaspace: 14112K(14848K)->14112K(14848K) NonClass: 12384K(12800K)->12384K(12800K) Class: 1727K(2048K)->1727K(2048K)
[2023-12-24T15:52:00.134+0000][gc           ] GC(0) Pause Young (Normal) (G1 Evacuation Pause) 51M->7M(1024M) 16.863ms
[2023-12-24T15:52:00.134+0000][gc,cpu       ] GC(0) User=0.01s Sys=0.00s Real=0.02s
[2023-12-24T15:52:01.190+0000][gc,start     ] GC(1) Pause Young (Concurrent Start) (Metadata GC Threshold)
[2023-12-24T15:52:01.190+0000][gc,task      ] GC(1) Using 1 workers of 1 for evacuation
[2023-12-24T15:52:01.208+0000][gc,phases    ] GC(1)   Pre Evacuate Collection Set: 0.1ms
[2023-12-24T15:52:01.209+0000][gc,phases    ] GC(1)   Evacuate Collection Set: 17.8ms
[2023-12-24T15:52:01.209+0000][gc,phases    ] GC(1)   Post Evacuate Collection Set: 0.4ms
[2023-12-24T15:52:01.209+0000][gc,phases    ] GC(1)   Other: 0.4ms
[2023-12-24T15:52:01.209+0000][gc,heap      ] GC(1) Eden regions: 31->0(50)
[2023-12-24T15:52:01.209+0000][gc,heap      ] GC(1) Survivor regions: 7->1(7)
[2023-12-24T15:52:01.209+0000][gc,heap      ] GC(1) Old regions: 1->8
[2023-12-24T15:52:01.209+0000][gc,heap      ] GC(1) Humongous regions: 0->0
[2023-12-24T15:52:01.209+0000][gc,metaspace ] GC(1) Metaspace: 20545K(21248K)->20545K(21248K) NonClass: 18062K(18432K)->18062K(18432K) Class: 2483K(2816K)->2483K(2816K)
[2023-12-24T15:52:01.209+0000][gc           ] GC(1) Pause Young (Concurrent Start) (Metadata GC Threshold) 37M->8M(1024M) 18.713ms
[2023-12-24T15:52:01.209+0000][gc,cpu       ] GC(1) User=0.02s Sys=0.00s Real=0.02s
[2023-12-24T15:52:01.210+0000][gc           ] GC(2) Concurrent Cycle
[2023-12-24T15:52:01.210+0000][gc,marking   ] GC(2) Concurrent Clear Claimed Marks
[2023-12-24T15:52:01.210+0000][gc,marking   ] GC(2) Concurrent Clear Claimed Marks 0.027ms
[2023-12-24T15:52:01.210+0000][gc,marking   ] GC(2) Concurrent Scan Root Regions
[2023-12-24T15:52:01.210+0000][gc,marking   ] GC(2) Concurrent Scan Root Regions 0.833ms
[2023-12-24T15:52:01.210+0000][gc,marking   ] GC(2) Concurrent Mark (3.251s)
[2023-12-24T15:52:01.210+0000][gc,marking   ] GC(2) Concurrent Mark From Roots
[2023-12-24T15:52:01.210+0000][gc,task      ] GC(2) Using 1 workers of 1 for marking
[2023-12-24T15:52:01.238+0000][gc,marking   ] GC(2) Concurrent Mark From Roots 27.920ms
[2023-12-24T15:52:01.238+0000][gc,marking   ] GC(2) Concurrent Preclean
[2023-12-24T15:52:01.239+0000][gc,marking   ] GC(2) Concurrent Preclean 0.074ms
[2023-12-24T15:52:01.239+0000][gc,marking   ] GC(2) Concurrent Mark (3.251s, 3.279s) 28.071ms
[2023-12-24T15:52:01.239+0000][gc,start     ] GC(2) Pause Remark
[2023-12-24T15:52:01.244+0000][gc,stringtable] GC(2) Cleaned string and symbol table, strings: 9592 processed, 0 removed, symbols: 53570 processed, 45 removed
[2023-12-24T15:52:01.244+0000][gc            ] GC(2) Pause Remark 10M->10M(1024M) 5.746ms
[2023-12-24T15:52:01.244+0000][gc,cpu        ] GC(2) User=0.01s Sys=0.00s Real=0.01s
[2023-12-24T15:52:01.245+0000][gc,marking    ] GC(2) Concurrent Rebuild Remembered Sets
[2023-12-24T15:52:01.250+0000][gc,marking    ] GC(2) Concurrent Rebuild Remembered Sets 5.958ms
[2023-12-24T15:52:01.254+0000][gc,start      ] GC(2) Pause Cleanup
[2023-12-24T15:52:01.254+0000][gc            ] GC(2) Pause Cleanup 10M->10M(1024M) 0.239ms
[2023-12-24T15:52:01.254+0000][gc,cpu        ] GC(2) User=0.00s Sys=0.00s Real=0.00s
[2023-12-24T15:52:01.254+0000][gc,marking    ] GC(2) Concurrent Cleanup for Next Mark
[2023-12-24T15:52:01.266+0000][gc,marking    ] GC(2) Concurrent Cleanup for Next Mark 12.432ms
[2023-12-24T15:52:01.266+0000][gc            ] GC(2) Concurrent Cycle 56.872ms
[2023-12-24T15:52:02.564+0000][gc,start      ] GC(3) Pause Young (Normal) (GCLocker Initiated GC)
[2023-12-24T15:52:02.564+0000][gc,task       ] GC(3) Using 1 workers of 1 for evacuation
[2023-12-24T15:52:02.577+0000][gc,phases     ] GC(3)   Pre Evacuate Collection Set: 0.0ms
[2023-12-24T15:52:02.577+0000][gc,phases     ] GC(3)   Evacuate Collection Set: 13.1ms
[2023-12-24T15:52:02.577+0000][gc,phases     ] GC(3)   Post Evacuate Collection Set: 0.2ms
[2023-12-24T15:52:02.577+0000][gc,phases     ] GC(3)   Other: 0.2ms
[2023-12-24T15:52:02.577+0000][gc,heap       ] GC(3) Eden regions: 51->0(46)
[2023-12-24T15:52:02.577+0000][gc,heap       ] GC(3) Survivor regions: 1->5(7)
[2023-12-24T15:52:02.577+0000][gc,heap       ] GC(3) Old regions: 8->8
[2023-12-24T15:52:02.577+0000][gc,heap       ] GC(3) Humongous regions: 129->129
[2023-12-24T15:52:02.577+0000][gc,metaspace  ] GC(3) Metaspace: 28392K(29696K)->28392K(29696K) NonClass: 25094K(25856K)->25094K(25856K) Class: 3298K(3840K)->3298K(3840K)
[2023-12-24T15:52:02.577+0000][gc            ] GC(3) Pause Young (Normal) (GCLocker Initiated GC) 187M->141M(1024M) 13.606ms
[2023-12-24T15:52:02.577+0000][gc,cpu        ] GC(3) User=0.02s Sys=0.00s Real=0.01s
[2023-12-24T15:52:03.422+0000][gc,start      ] GC(4) Pause Young (Concurrent Start) (Metadata GC Threshold)
[2023-12-24T15:52:03.422+0000][gc,task       ] GC(4) Using 1 workers of 1 for evacuation
[2023-12-24T15:52:03.446+0000][gc,mmu        ] GC(4) MMU target violated: 21.0ms (20.0ms/21.0ms)
[2023-12-24T15:52:03.446+0000][gc,phases     ] GC(4)   Pre Evacuate Collection Set: 0.1ms
[2023-12-24T15:52:03.446+0000][gc,phases     ] GC(4)   Evacuate Collection Set: 22.5ms
[2023-12-24T15:52:03.446+0000][gc,phases     ] GC(4)   Post Evacuate Collection Set: 0.3ms
[2023-12-24T15:52:03.446+0000][gc,phases     ] GC(4)   Other: 0.5ms
[2023-12-24T15:52:03.446+0000][gc,heap       ] GC(4) Eden regions: 32->0(48)
[2023-12-24T15:52:03.446+0000][gc,heap       ] GC(4) Survivor regions: 5->3(7)
[2023-12-24T15:52:03.446+0000][gc,heap       ] GC(4) Old regions: 8->12
[2023-12-24T15:52:03.446+0000][gc,heap       ] GC(4) Humongous regions: 129->129
[2023-12-24T15:52:03.446+0000][gc,metaspace  ] GC(4) Metaspace: 34252K(35840K)->34252K(35840K) NonClass: 30258K(31232K)->30258K(31232K) Class: 3993K(4608K)->3993K(4608K)
[2023-12-24T15:52:03.446+0000][gc            ] GC(4) Pause Young (Concurrent Start) (Metadata GC Threshold) 173M->143M(1024M) 23.475ms
[2023-12-24T15:52:03.446+0000][gc,cpu        ] GC(4) User=0.02s Sys=0.00s Real=0.03s
[2023-12-24T15:52:03.446+0000][gc            ] GC(5) Concurrent Cycle
[2023-12-24T15:52:03.446+0000][gc,marking    ] GC(5) Concurrent Clear Claimed Marks
[2023-12-24T15:52:03.446+0000][gc,marking    ] GC(5) Concurrent Clear Claimed Marks 0.168ms
[2023-12-24T15:52:03.446+0000][gc,marking    ] GC(5) Concurrent Scan Root Regions
[2023-12-24T15:52:03.448+0000][gc,marking    ] GC(5) Concurrent Scan Root Regions 1.805ms
[2023-12-24T15:52:03.448+0000][gc,marking    ] GC(5) Concurrent Mark (5.489s)
[2023-12-24T15:52:03.448+0000][gc,marking    ] GC(5) Concurrent Mark From Roots
[2023-12-24T15:52:03.448+0000][gc,task       ] GC(5) Using 1 workers of 1 for marking
[2023-12-24T15:52:03.563+0000][gc,marking    ] GC(5) Concurrent Mark From Roots 115.283ms
[2023-12-24T15:52:03.563+0000][gc,marking    ] GC(5) Concurrent Preclean
[2023-12-24T15:52:03.564+0000][gc,marking    ] GC(5) Concurrent Preclean 0.083ms
[2023-12-24T15:52:03.564+0000][gc,marking    ] GC(5) Concurrent Mark (5.489s, 5.604s) 115.419ms
[2023-12-24T15:52:03.566+0000][gc,start      ] GC(5) Pause Remark
[2023-12-24T15:52:03.575+0000][gc,stringtable] GC(5) Cleaned string and symbol table, strings: 14505 processed, 9 removed, symbols: 85871 processed, 15 removed
[2023-12-24T15:52:03.576+0000][gc            ] GC(5) Pause Remark 147M->147M(1024M) 10.009ms
[2023-12-24T15:52:03.576+0000][gc,cpu        ] GC(5) User=0.01s Sys=0.00s Real=0.01s
[2023-12-24T15:52:03.576+0000][gc,marking    ] GC(5) Concurrent Rebuild Remembered Sets
[2023-12-24T15:52:03.624+0000][gc,marking    ] GC(5) Concurrent Rebuild Remembered Sets 47.814ms
[2023-12-24T15:52:03.626+0000][gc,start      ] GC(5) Pause Cleanup
[2023-12-24T15:52:03.626+0000][gc            ] GC(5) Pause Cleanup 147M->147M(1024M) 0.196ms
[2023-12-24T15:52:03.626+0000][gc,cpu        ] GC(5) User=0.00s Sys=0.00s Real=0.00s
[2023-12-24T15:52:03.626+0000][gc,marking    ] GC(5) Concurrent Cleanup for Next Mark
[2023-12-24T15:52:03.651+0000][gc,marking    ] GC(5) Concurrent Cleanup for Next Mark 24.846ms
[2023-12-24T15:52:03.651+0000][gc            ] GC(5) Concurrent Cycle 205.082ms
[2023-12-24T15:55:57.679+0000][gc,start      ] GC(6) Pause Young (Normal) (G1 Evacuation Pause)
[2023-12-24T15:55:57.682+0000][gc,task       ] GC(6) Using 1 workers of 1 for evacuation
[2023-12-24T15:55:57.995+0000][gc,mmu        ] GC(6) MMU target violated: 21.0ms (20.0ms/21.0ms)
[2023-12-24T15:55:57.997+0000][gc,phases     ] GC(6)   Pre Evacuate Collection Set: 109.2ms
[2023-12-24T15:55:57.997+0000][gc,phases     ] GC(6)   Evacuate Collection Set: 200.2ms
[2023-12-24T15:55:57.997+0000][gc,phases     ] GC(6)   Post Evacuate Collection Set: 1.7ms
[2023-12-24T15:55:57.997+0000][gc,phases     ] GC(6)   Other: 7.1ms
[2023-12-24T15:55:57.998+0000][gc,heap       ] GC(6) Eden regions: 48->0(46)
[2023-12-24T15:55:57.998+0000][gc,heap       ] GC(6) Survivor regions: 3->5(7)
[2023-12-24T15:55:57.998+0000][gc,heap       ] GC(6) Old regions: 12->12
[2023-12-24T15:55:57.998+0000][gc,heap       ] GC(6) Humongous regions: 129->129
[2023-12-24T15:55:57.998+0000][gc,metaspace  ] GC(6) Metaspace: 40357K(42828K)->40357K(42828K) NonClass: 35225K(36556K)->35225K(36556K) Class: 5131K(6272K)->5131K(6272K)
[2023-12-24T15:55:57.999+0000][gc            ] GC(6) Pause Young (Normal) (G1 Evacuation Pause) 191M->145M(1024M) 318.814ms
[2023-12-24T15:55:57.999+0000][gc,cpu        ] GC(6) User=0.05s Sys=0.02s Real=0.32s
[2023-12-24T16:05:25.393+0000][gc,start      ] GC(7) Pause Young (Normal) (G1 Evacuation Pause)
[2023-12-24T16:05:25.393+0000][gc,task       ] GC(7) Using 1 workers of 1 for evacuation
[2023-12-24T16:05:25.458+0000][gc,mmu        ] GC(7) MMU target violated: 21.0ms (20.0ms/21.0ms)
[2023-12-24T16:05:25.458+0000][gc,phases     ] GC(7)   Pre Evacuate Collection Set: 0.0ms
[2023-12-24T16:05:25.458+0000][gc,phases     ] GC(7)   Evacuate Collection Set: 63.4ms
[2023-12-24T16:05:25.458+0000][gc,phases     ] GC(7)   Post Evacuate Collection Set: 0.8ms
[2023-12-24T16:05:25.458+0000][gc,phases     ] GC(7)   Other: 0.4ms
[2023-12-24T16:05:25.458+0000][gc,heap       ] GC(7) Eden regions: 46->0(46)
[2023-12-24T16:05:25.458+0000][gc,heap       ] GC(7) Survivor regions: 5->5(7)
[2023-12-24T16:05:25.458+0000][gc,heap       ] GC(7) Old regions: 12->15
[2023-12-24T16:05:25.458+0000][gc,heap       ] GC(7) Humongous regions: 129->129
[2023-12-24T16:05:25.458+0000][gc,metaspace  ] GC(7) Metaspace: 43539K(46284K)->43539K(46284K) NonClass: 37956K(39372K)->37956K(39372K) Class: 5583K(6912K)->5583K(6912K)
[2023-12-24T16:05:25.458+0000][gc            ] GC(7) Pause Young (Normal) (G1 Evacuation Pause) 191M->147M(1024M) 64.833ms
[2023-12-24T16:05:25.458+0000][gc,cpu        ] GC(7) User=0.02s Sys=0.00s Real=0.06s
[2023-12-24T16:05:27.628+0000][gc,heap,exit  ] Heap
[2023-12-24T16:05:27.628+0000][gc,heap,exit  ]  garbage-first heap   total 1048576K, used 162456K [0x00000000c0000000, 0x0000000100000000)
[2023-12-24T16:05:27.628+0000][gc,heap,exit  ]   region size 1024K, 17 young (17408K), 5 survivors (5120K)
[2023-12-24T16:05:27.628+0000][gc,heap,exit  ]  Metaspace       used 44302K, capacity 47130K, committed 47436K, reserved 1089536K
[2023-12-24T16:05:27.628+0000][gc,heap,exit  ]   class space    used 5795K, capacity 7188K, committed 7296K, reserved 1048576K
