[2023-12-23T18:12:16.308+0000][gc,heap] Heap region size: 1M
[2023-12-23T18:12:16.323+0000][gc     ] Using G1
[2023-12-23T18:12:16.323+0000][gc,heap,coops] Heap address: 0x00000000c0000000, size: 1024 MB, Compressed Oops mode: 32-bit
[2023-12-23T18:12:18.830+0000][gc,start     ] GC(0) Pause Young (Normal) (G1 Evacuation Pause)
[2023-12-23T18:12:18.830+0000][gc,task      ] GC(0) Using 1 workers of 1 for evacuation
[2023-12-23T18:12:18.848+0000][gc,phases    ] GC(0)   Pre Evacuate Collection Set: 0.0ms
[2023-12-23T18:12:18.848+0000][gc,phases    ] GC(0)   Evacuate Collection Set: 17.4ms
[2023-12-23T18:12:18.848+0000][gc,phases    ] GC(0)   Post Evacuate Collection Set: 0.4ms
[2023-12-23T18:12:18.848+0000][gc,phases    ] GC(0)   Other: 0.2ms
[2023-12-23T18:12:18.848+0000][gc,heap      ] GC(0) Eden regions: 51->0(44)
[2023-12-23T18:12:18.848+0000][gc,heap      ] GC(0) Survivor regions: 0->7(7)
[2023-12-23T18:12:18.848+0000][gc,heap      ] GC(0) Old regions: 0->1
[2023-12-23T18:12:18.848+0000][gc,heap      ] GC(0) Humongous regions: 0->0
[2023-12-23T18:12:18.848+0000][gc,metaspace ] GC(0) Metaspace: 14098K(14848K)->14098K(14848K) NonClass: 12371K(12800K)->12371K(12800K) Class: 1727K(2048K)->1727K(2048K)
[2023-12-23T18:12:18.848+0000][gc           ] GC(0) Pause Young (Normal) (G1 Evacuation Pause) 51M->7M(1024M) 18.258ms
[2023-12-23T18:12:18.848+0000][gc,cpu       ] GC(0) User=0.02s Sys=0.00s Real=0.02s
[2023-12-23T18:12:19.964+0000][gc,start     ] GC(1) Pause Young (Concurrent Start) (Metadata GC Threshold)
[2023-12-23T18:12:19.964+0000][gc,task      ] GC(1) Using 1 workers of 1 for evacuation
[2023-12-23T18:12:19.994+0000][gc,mmu       ] GC(1) MMU target violated: 21.0ms (20.0ms/21.0ms)
[2023-12-23T18:12:19.995+0000][gc,phases    ] GC(1)   Pre Evacuate Collection Set: 0.1ms
[2023-12-23T18:12:19.995+0000][gc,phases    ] GC(1)   Evacuate Collection Set: 29.5ms
[2023-12-23T18:12:19.995+0000][gc,phases    ] GC(1)   Post Evacuate Collection Set: 0.3ms
[2023-12-23T18:12:19.995+0000][gc,phases    ] GC(1)   Other: 0.5ms
[2023-12-23T18:12:19.995+0000][gc,heap      ] GC(1) Eden regions: 30->0(50)
[2023-12-23T18:12:19.995+0000][gc,heap      ] GC(1) Survivor regions: 7->1(7)
[2023-12-23T18:12:19.995+0000][gc,heap      ] GC(1) Old regions: 1->8
[2023-12-23T18:12:19.995+0000][gc,heap      ] GC(1) Humongous regions: 0->0
[2023-12-23T18:12:19.995+0000][gc,metaspace ] GC(1) Metaspace: 20544K(21248K)->20544K(21248K) NonClass: 18063K(18432K)->18063K(18432K) Class: 2481K(2816K)->2481K(2816K)
[2023-12-23T18:12:19.995+0000][gc           ] GC(1) Pause Young (Concurrent Start) (Metadata GC Threshold) 37M->8M(1024M) 30.378ms
[2023-12-23T18:12:19.995+0000][gc,cpu       ] GC(1) User=0.03s Sys=0.00s Real=0.03s
[2023-12-23T18:12:19.995+0000][gc           ] GC(2) Concurrent Cycle
[2023-12-23T18:12:19.995+0000][gc,marking   ] GC(2) Concurrent Clear Claimed Marks
[2023-12-23T18:12:19.995+0000][gc,marking   ] GC(2) Concurrent Clear Claimed Marks 0.024ms
[2023-12-23T18:12:19.995+0000][gc,marking   ] GC(2) Concurrent Scan Root Regions
[2023-12-23T18:12:20.000+0000][gc,marking   ] GC(2) Concurrent Scan Root Regions 4.907ms
[2023-12-23T18:12:20.000+0000][gc,marking   ] GC(2) Concurrent Mark (3.696s)
[2023-12-23T18:12:20.000+0000][gc,marking   ] GC(2) Concurrent Mark From Roots
[2023-12-23T18:12:20.000+0000][gc,task      ] GC(2) Using 1 workers of 1 for marking
[2023-12-23T18:12:20.017+0000][gc,marking   ] GC(2) Concurrent Mark From Roots 16.595ms
[2023-12-23T18:12:20.017+0000][gc,marking   ] GC(2) Concurrent Preclean
[2023-12-23T18:12:20.017+0000][gc,marking   ] GC(2) Concurrent Preclean 0.065ms
[2023-12-23T18:12:20.017+0000][gc,marking   ] GC(2) Concurrent Mark (3.696s, 3.713s) 16.709ms
[2023-12-23T18:12:20.021+0000][gc,start     ] GC(2) Pause Remark
[2023-12-23T18:12:20.026+0000][gc,stringtable] GC(2) Cleaned string and symbol table, strings: 9604 processed, 12 removed, symbols: 53500 processed, 45 removed
[2023-12-23T18:12:20.026+0000][gc            ] GC(2) Pause Remark 9M->9M(1024M) 5.079ms
[2023-12-23T18:12:20.026+0000][gc,cpu        ] GC(2) User=0.01s Sys=0.00s Real=0.01s
[2023-12-23T18:12:20.028+0000][gc,marking    ] GC(2) Concurrent Rebuild Remembered Sets
[2023-12-23T18:12:20.046+0000][gc,marking    ] GC(2) Concurrent Rebuild Remembered Sets 17.524ms
[2023-12-23T18:12:20.046+0000][gc,start      ] GC(2) Pause Cleanup
[2023-12-23T18:12:20.046+0000][gc            ] GC(2) Pause Cleanup 10M->10M(1024M) 0.242ms
[2023-12-23T18:12:20.046+0000][gc,cpu        ] GC(2) User=0.00s Sys=0.00s Real=0.00s
[2023-12-23T18:12:20.046+0000][gc,marking    ] GC(2) Concurrent Cleanup for Next Mark
[2023-12-23T18:12:20.063+0000][gc,marking    ] GC(2) Concurrent Cleanup for Next Mark 16.433ms
[2023-12-23T18:12:20.063+0000][gc            ] GC(2) Concurrent Cycle 67.814ms
[2023-12-23T18:12:21.431+0000][gc,start      ] GC(3) Pause Young (Normal) (G1 Evacuation Pause)
[2023-12-23T18:12:21.431+0000][gc,task       ] GC(3) Using 1 workers of 1 for evacuation
[2023-12-23T18:12:21.451+0000][gc,phases     ] GC(3)   Pre Evacuate Collection Set: 0.0ms
[2023-12-23T18:12:21.451+0000][gc,phases     ] GC(3)   Evacuate Collection Set: 19.0ms
[2023-12-23T18:12:21.451+0000][gc,phases     ] GC(3)   Post Evacuate Collection Set: 0.3ms
[2023-12-23T18:12:21.451+0000][gc,phases     ] GC(3)   Other: 0.2ms
[2023-12-23T18:12:21.451+0000][gc,heap       ] GC(3) Eden regions: 50->0(46)
[2023-12-23T18:12:21.451+0000][gc,heap       ] GC(3) Survivor regions: 1->5(7)
[2023-12-23T18:12:21.451+0000][gc,heap       ] GC(3) Old regions: 8->8
[2023-12-23T18:12:21.451+0000][gc,heap       ] GC(3) Humongous regions: 129->129
[2023-12-23T18:12:21.451+0000][gc,metaspace  ] GC(3) Metaspace: 28337K(29696K)->28337K(29696K) NonClass: 25045K(25856K)->25045K(25856K) Class: 3291K(3840K)->3291K(3840K)
[2023-12-23T18:12:21.451+0000][gc            ] GC(3) Pause Young (Normal) (G1 Evacuation Pause) 187M->140M(1024M) 19.710ms
[2023-12-23T18:12:21.451+0000][gc,cpu        ] GC(3) User=0.02s Sys=0.00s Real=0.02s
[2023-12-23T18:12:22.442+0000][gc,start      ] GC(4) Pause Young (Concurrent Start) (Metadata GC Threshold)
[2023-12-23T18:12:22.442+0000][gc,task       ] GC(4) Using 1 workers of 1 for evacuation
[2023-12-23T18:12:22.469+0000][gc,mmu        ] GC(4) MMU target violated: 21.0ms (20.0ms/21.0ms)
[2023-12-23T18:12:22.469+0000][gc,phases     ] GC(4)   Pre Evacuate Collection Set: 0.2ms
[2023-12-23T18:12:22.469+0000][gc,phases     ] GC(4)   Evacuate Collection Set: 26.6ms
[2023-12-23T18:12:22.469+0000][gc,phases     ] GC(4)   Post Evacuate Collection Set: 0.5ms
[2023-12-23T18:12:22.469+0000][gc,phases     ] GC(4)   Other: 0.6ms
[2023-12-23T18:12:22.469+0000][gc,heap       ] GC(4) Eden regions: 34->0(48)
[2023-12-23T18:12:22.469+0000][gc,heap       ] GC(4) Survivor regions: 5->3(7)
[2023-12-23T18:12:22.469+0000][gc,heap       ] GC(4) Old regions: 8->12
[2023-12-23T18:12:22.469+0000][gc,heap       ] GC(4) Humongous regions: 129->129
[2023-12-23T18:12:22.469+0000][gc,metaspace  ] GC(4) Metaspace: 34286K(35840K)->34286K(35840K) NonClass: 30293K(31232K)->30293K(31232K) Class: 3993K(4608K)->3993K(4608K)
[2023-12-23T18:12:22.469+0000][gc            ] GC(4) Pause Young (Concurrent Start) (Metadata GC Threshold) 174M->143M(1024M) 27.911ms
[2023-12-23T18:12:22.470+0000][gc,cpu        ] GC(4) User=0.02s Sys=0.00s Real=0.03s
[2023-12-23T18:12:22.470+0000][gc            ] GC(5) Concurrent Cycle
[2023-12-23T18:12:22.470+0000][gc,marking    ] GC(5) Concurrent Clear Claimed Marks
[2023-12-23T18:12:22.470+0000][gc,marking    ] GC(5) Concurrent Clear Claimed Marks 0.077ms
[2023-12-23T18:12:22.470+0000][gc,marking    ] GC(5) Concurrent Scan Root Regions
[2023-12-23T18:12:22.473+0000][gc,marking    ] GC(5) Concurrent Scan Root Regions 3.603ms
[2023-12-23T18:12:22.473+0000][gc,marking    ] GC(5) Concurrent Mark (6.170s)
[2023-12-23T18:12:22.473+0000][gc,marking    ] GC(5) Concurrent Mark From Roots
[2023-12-23T18:12:22.473+0000][gc,task       ] GC(5) Using 1 workers of 1 for marking
[2023-12-23T18:12:22.568+0000][gc,marking    ] GC(5) Concurrent Mark From Roots 94.855ms
[2023-12-23T18:12:22.568+0000][gc,marking    ] GC(5) Concurrent Preclean
[2023-12-23T18:12:22.568+0000][gc,marking    ] GC(5) Concurrent Preclean 0.084ms
[2023-12-23T18:12:22.568+0000][gc,marking    ] GC(5) Concurrent Mark (6.170s, 6.265s) 95.027ms
[2023-12-23T18:12:22.571+0000][gc,start      ] GC(5) Pause Remark
[2023-12-23T18:12:22.585+0000][gc,stringtable] GC(5) Cleaned string and symbol table, strings: 14465 processed, 0 removed, symbols: 85718 processed, 15 removed
[2023-12-23T18:12:22.585+0000][gc            ] GC(5) Pause Remark 146M->146M(1024M) 14.846ms
[2023-12-23T18:12:22.586+0000][gc,cpu        ] GC(5) User=0.01s Sys=0.01s Real=0.02s
[2023-12-23T18:12:22.586+0000][gc,marking    ] GC(5) Concurrent Rebuild Remembered Sets
[2023-12-23T18:12:22.636+0000][gc,marking    ] GC(5) Concurrent Rebuild Remembered Sets 50.849ms
[2023-12-23T18:12:22.637+0000][gc,start      ] GC(5) Pause Cleanup
[2023-12-23T18:12:22.637+0000][gc            ] GC(5) Pause Cleanup 146M->146M(1024M) 0.232ms
[2023-12-23T18:12:22.637+0000][gc,cpu        ] GC(5) User=0.00s Sys=0.00s Real=0.00s
[2023-12-23T18:12:22.637+0000][gc,marking    ] GC(5) Concurrent Cleanup for Next Mark
[2023-12-23T18:12:22.666+0000][gc,marking    ] GC(5) Concurrent Cleanup for Next Mark 29.272ms
[2023-12-23T18:12:22.666+0000][gc            ] GC(5) Concurrent Cycle 196.654ms
[2023-12-23T18:28:56.103+0000][gc,heap,exit  ] Heap
[2023-12-23T18:28:56.105+0000][gc,heap,exit  ]  garbage-first heap   total 1048576K, used 177379K [0x00000000c0000000, 0x0000000100000000)
[2023-12-23T18:28:56.105+0000][gc,heap,exit  ]   region size 1024K, 35 young (35840K), 3 survivors (3072K)
[2023-12-23T18:28:56.105+0000][gc,heap,exit  ]  Metaspace       used 37735K, capacity 39445K, committed 39500K, reserved 1083392K
[2023-12-23T18:28:56.105+0000][gc,heap,exit  ]   class space    used 4624K, capacity 5463K, committed 5504K, reserved 1048576K
