[2023-12-26T10:44:26.024+0000][gc,heap] Heap region size: 1M
[2023-12-26T10:44:26.031+0000][gc     ] Using G1
[2023-12-26T10:44:26.031+0000][gc,heap,coops] Heap address: 0x00000000e0000000, size: 512 MB, Compressed Oops mode: 32-bit
[2023-12-26T10:44:27.909+0000][gc,start     ] GC(0) Pause Young (Normal) (G1 Evacuation Pause)
[2023-12-26T10:44:27.909+0000][gc,task      ] GC(0) Using 1 workers of 1 for evacuation
[2023-12-26T10:44:27.923+0000][gc,phases    ] GC(0)   Pre Evacuate Collection Set: 0.0ms
[2023-12-26T10:44:27.923+0000][gc,phases    ] GC(0)   Evacuate Collection Set: 13.5ms
[2023-12-26T10:44:27.923+0000][gc,phases    ] GC(0)   Post Evacuate Collection Set: 0.3ms
[2023-12-26T10:44:27.923+0000][gc,phases    ] GC(0)   Other: 0.3ms
[2023-12-26T10:44:27.923+0000][gc,heap      ] GC(0) Eden regions: 25->0(21)
[2023-12-26T10:44:27.923+0000][gc,heap      ] GC(0) Survivor regions: 0->4(4)
[2023-12-26T10:44:27.923+0000][gc,heap      ] GC(0) Old regions: 0->4
[2023-12-26T10:44:27.923+0000][gc,heap      ] GC(0) Humongous regions: 0->0
[2023-12-26T10:44:27.923+0000][gc,metaspace ] GC(0) Metaspace: 7383K(7936K)->7383K(7936K) NonClass: 6553K(6912K)->6553K(6912K) Class: 830K(1024K)->830K(1024K)
[2023-12-26T10:44:27.923+0000][gc           ] GC(0) Pause Young (Normal) (G1 Evacuation Pause) 25M->7M(512M) 14.220ms
[2023-12-26T10:44:27.923+0000][gc,cpu       ] GC(0) User=0.01s Sys=0.00s Real=0.01s
[2023-12-26T13:04:07.238+0000][gc,start     ] GC(1) Pause Young (Normal) (G1 Evacuation Pause)
[2023-12-26T13:04:07.244+0000][gc,task      ] GC(1) Using 1 workers of 1 for evacuation
[2023-12-26T13:04:07.772+0000][gc,mmu       ] GC(1) MMU target violated: 21.0ms (20.0ms/21.0ms)
[2023-12-26T13:04:07.772+0000][gc,phases    ] GC(1)   Pre Evacuate Collection Set: 110.4ms
[2023-12-26T13:04:07.772+0000][gc,phases    ] GC(1)   Evacuate Collection Set: 412.8ms
[2023-12-26T13:04:07.772+0000][gc,phases    ] GC(1)   Post Evacuate Collection Set: 3.2ms
[2023-12-26T13:04:07.772+0000][gc,phases    ] GC(1)   Other: 10.5ms
[2023-12-26T13:04:07.772+0000][gc,heap      ] GC(1) Eden regions: 21->0(24)
[2023-12-26T13:04:07.772+0000][gc,heap      ] GC(1) Survivor regions: 4->1(4)
[2023-12-26T13:04:07.772+0000][gc,heap      ] GC(1) Old regions: 4->8
[2023-12-26T13:04:07.772+0000][gc,heap      ] GC(1) Humongous regions: 0->0
[2023-12-26T13:04:07.772+0000][gc,metaspace ] GC(1) Metaspace: 9482K(10240K)->9482K(10240K) NonClass: 8484K(8960K)->8484K(8960K) Class: 997K(1280K)->997K(1280K)
[2023-12-26T13:04:07.772+0000][gc           ] GC(1) Pause Young (Normal) (G1 Evacuation Pause) 28M->8M(512M) 534.465ms
[2023-12-26T13:04:07.772+0000][gc,cpu       ] GC(1) User=0.01s Sys=0.04s Real=0.53s
[2023-12-26T13:56:04.447+0000][gc,heap,exit ] Heap
[2023-12-26T13:56:04.447+0000][gc,heap,exit ]  garbage-first heap   total 524288K, used 13036K [0x00000000e0000000, 0x0000000100000000)
[2023-12-26T13:56:04.447+0000][gc,heap,exit ]   region size 1024K, 6 young (6144K), 1 survivors (1024K)
[2023-12-26T13:56:04.447+0000][gc,heap,exit ]  Metaspace       used 9486K, capacity 9841K, committed 10240K, reserved 1058816K
[2023-12-26T13:56:04.447+0000][gc,heap,exit ]   class space    used 998K, capacity 1165K, committed 1280K, reserved 1048576K
