[2023-12-23T18:11:37.162+0000][gc,heap] Heap region size: 1M
[2023-12-23T18:11:37.177+0000][gc     ] Using G1
[2023-12-23T18:11:37.177+0000][gc,heap,coops] Heap address: 0x00000000e0000000, size: 512 MB, Compressed Oops mode: 32-bit
[2023-12-23T18:11:39.113+0000][gc,start     ] GC(0) Pause Young (Normal) (G1 Evacuation Pause)
[2023-12-23T18:11:39.113+0000][gc,task      ] GC(0) Using 1 workers of 1 for evacuation
[2023-12-23T18:11:39.127+0000][gc,phases    ] GC(0)   Pre Evacuate Collection Set: 0.0ms
[2023-12-23T18:11:39.127+0000][gc,phases    ] GC(0)   Evacuate Collection Set: 13.7ms
[2023-12-23T18:11:39.127+0000][gc,phases    ] GC(0)   Post Evacuate Collection Set: 0.3ms
[2023-12-23T18:11:39.127+0000][gc,phases    ] GC(0)   Other: 0.2ms
[2023-12-23T18:11:39.127+0000][gc,heap      ] GC(0) Eden regions: 25->0(21)
[2023-12-23T18:11:39.127+0000][gc,heap      ] GC(0) Survivor regions: 0->4(4)
[2023-12-23T18:11:39.127+0000][gc,heap      ] GC(0) Old regions: 0->4
[2023-12-23T18:11:39.127+0000][gc,heap      ] GC(0) Humongous regions: 0->0
[2023-12-23T18:11:39.127+0000][gc,metaspace ] GC(0) Metaspace: 7401K(7936K)->7401K(7936K) NonClass: 6573K(6912K)->6573K(6912K) Class: 828K(1024K)->828K(1024K)
[2023-12-23T18:11:39.127+0000][gc           ] GC(0) Pause Young (Normal) (G1 Evacuation Pause) 25M->7M(512M) 14.457ms
[2023-12-23T18:11:39.127+0000][gc,cpu       ] GC(0) User=0.02s Sys=0.00s Real=0.01s
[2023-12-23T18:28:55.456+0000][gc,heap,exit ] Heap
[2023-12-23T18:28:55.489+0000][gc,heap,exit ]  garbage-first heap   total 524288K, used 19134K [0x00000000e0000000, 0x0000000100000000)
[2023-12-23T18:28:55.489+0000][gc,heap,exit ]   region size 1024K, 16 young (16384K), 4 survivors (4096K)
[2023-12-23T18:28:55.489+0000][gc,heap,exit ]  Metaspace       used 9166K, capacity 9533K, committed 9728K, reserved 1058816K
[2023-12-23T18:28:55.489+0000][gc,heap,exit ]   class space    used 998K, capacity 1165K, committed 1280K, reserved 1048576K
