[2023-12-24T15:34:26.013+0000][gc,heap] Heap region size: 1M
[2023-12-24T15:34:26.020+0000][gc     ] Using G1
[2023-12-24T15:34:26.020+0000][gc,heap,coops] Heap address: 0x00000000e0000000, size: 512 MB, Compressed Oops mode: 32-bit
[2023-12-24T15:34:27.662+0000][gc,start     ] GC(0) Pause Young (Normal) (G1 Evacuation Pause)
[2023-12-24T15:34:27.662+0000][gc,task      ] GC(0) Using 1 workers of 1 for evacuation
[2023-12-24T15:34:27.680+0000][gc,phases    ] GC(0)   Pre Evacuate Collection Set: 0.1ms
[2023-12-24T15:34:27.680+0000][gc,phases    ] GC(0)   Evacuate Collection Set: 16.9ms
[2023-12-24T15:34:27.680+0000][gc,phases    ] GC(0)   Post Evacuate Collection Set: 0.4ms
[2023-12-24T15:34:27.680+0000][gc,phases    ] GC(0)   Other: 0.2ms
[2023-12-24T15:34:27.680+0000][gc,heap      ] GC(0) Eden regions: 25->0(21)
[2023-12-24T15:34:27.680+0000][gc,heap      ] GC(0) Survivor regions: 0->4(4)
[2023-12-24T15:34:27.680+0000][gc,heap      ] GC(0) Old regions: 0->4
[2023-12-24T15:34:27.680+0000][gc,heap      ] GC(0) Humongous regions: 0->0
[2023-12-24T15:34:27.680+0000][gc,metaspace ] GC(0) Metaspace: 7391K(7936K)->7391K(7936K) NonClass: 6563K(6912K)->6563K(6912K) Class: 828K(1024K)->828K(1024K)
[2023-12-24T15:34:27.680+0000][gc           ] GC(0) Pause Young (Normal) (G1 Evacuation Pause) 25M->7M(512M) 17.655ms
[2023-12-24T15:34:27.680+0000][gc,cpu       ] GC(0) User=0.02s Sys=0.01s Real=0.01s
[2023-12-24T15:34:29.545+0000][gc,heap,exit ] Heap
[2023-12-24T15:34:29.545+0000][gc,heap,exit ]  garbage-first heap   total 524288K, used 16079K [0x00000000e0000000, 0x0000000100000000)
[2023-12-24T15:34:29.545+0000][gc,heap,exit ]   region size 1024K, 13 young (13312K), 4 survivors (4096K)
[2023-12-24T15:34:29.545+0000][gc,heap,exit ]  Metaspace       used 8560K, capacity 8908K, committed 9088K, reserved 1056768K
[2023-12-24T15:34:29.545+0000][gc,heap,exit ]   class space    used 948K, capacity 1069K, committed 1152K, reserved 1048576K
