[2023-12-26T10:12:49.482+0000][gc,heap] Heap region size: 1M
[2023-12-26T10:12:49.490+0000][gc     ] Using G1
[2023-12-26T10:12:49.490+0000][gc,heap,coops] Heap address: 0x00000000e0000000, size: 512 MB, Compressed Oops mode: 32-bit
[2023-12-26T10:12:51.144+0000][gc,start     ] GC(0) Pause Young (Normal) (G1 Evacuation Pause)
[2023-12-26T10:12:51.144+0000][gc,task      ] GC(0) Using 1 workers of 1 for evacuation
[2023-12-26T10:12:51.158+0000][gc,phases    ] GC(0)   Pre Evacuate Collection Set: 0.0ms
[2023-12-26T10:12:51.158+0000][gc,phases    ] GC(0)   Evacuate Collection Set: 13.1ms
[2023-12-26T10:12:51.158+0000][gc,phases    ] GC(0)   Post Evacuate Collection Set: 0.3ms
[2023-12-26T10:12:51.158+0000][gc,phases    ] GC(0)   Other: 0.2ms
[2023-12-26T10:12:51.158+0000][gc,heap      ] GC(0) Eden regions: 25->0(21)
[2023-12-26T10:12:51.158+0000][gc,heap      ] GC(0) Survivor regions: 0->4(4)
[2023-12-26T10:12:51.158+0000][gc,heap      ] GC(0) Old regions: 0->4
[2023-12-26T10:12:51.158+0000][gc,heap      ] GC(0) Humongous regions: 0->0
[2023-12-26T10:12:51.158+0000][gc,metaspace ] GC(0) Metaspace: 7400K(7936K)->7400K(7936K) NonClass: 6571K(6912K)->6571K(6912K) Class: 829K(1024K)->829K(1024K)
[2023-12-26T10:12:51.158+0000][gc           ] GC(0) Pause Young (Normal) (G1 Evacuation Pause) 25M->7M(512M) 13.803ms
[2023-12-26T10:12:51.158+0000][gc,cpu       ] GC(0) User=0.01s Sys=0.01s Real=0.01s
[2023-12-26T10:41:19.977+0000][gc,heap,exit ] Heap
[2023-12-26T10:41:19.979+0000][gc,heap,exit ]  garbage-first heap   total 524288K, used 21200K [0x00000000e0000000, 0x0000000100000000)
[2023-12-26T10:41:19.979+0000][gc,heap,exit ]   region size 1024K, 18 young (18432K), 4 survivors (4096K)
[2023-12-26T10:41:19.979+0000][gc,heap,exit ]  Metaspace       used 9228K, capacity 9588K, committed 9984K, reserved 1058816K
[2023-12-26T10:41:19.979+0000][gc,heap,exit ]   class space    used 1000K, capacity 1165K, committed 1280K, reserved 1048576K
