[2023-12-27T12:05:25.950+0000][gc,heap] Heap region size: 1M
[2023-12-27T12:05:25.962+0000][gc     ] Using G1
[2023-12-27T12:05:25.962+0000][gc,heap,coops] Heap address: 0x00000000c0000000, size: 1024 MB, Compressed Oops mode: 32-bit
[2023-12-27T12:05:28.174+0000][gc,start     ] GC(0) Pause Young (Normal) (G1 Evacuation Pause)
[2023-12-27T12:05:28.174+0000][gc,task      ] GC(0) Using 1 workers of 1 for evacuation
[2023-12-27T12:05:28.201+0000][gc,mmu       ] GC(0) MMU target violated: 21.0ms (20.0ms/21.0ms)
[2023-12-27T12:05:28.202+0000][gc,phases    ] GC(0)   Pre Evacuate Collection Set: 0.0ms
[2023-12-27T12:05:28.202+0000][gc,phases    ] GC(0)   Evacuate Collection Set: 26.5ms
[2023-12-27T12:05:28.202+0000][gc,phases    ] GC(0)   Post Evacuate Collection Set: 0.4ms
[2023-12-27T12:05:28.202+0000][gc,phases    ] GC(0)   Other: 0.3ms
[2023-12-27T12:05:28.202+0000][gc,heap      ] GC(0) Eden regions: 51->0(44)
[2023-12-27T12:05:28.202+0000][gc,heap      ] GC(0) Survivor regions: 0->7(7)
[2023-12-27T12:05:28.202+0000][gc,heap      ] GC(0) Old regions: 0->1
[2023-12-27T12:05:28.202+0000][gc,heap      ] GC(0) Humongous regions: 0->0
[2023-12-27T12:05:28.202+0000][gc,metaspace ] GC(0) Metaspace: 13973K(14720K)->13973K(14720K) NonClass: 12258K(12800K)->12258K(12800K) Class: 1714K(1920K)->1714K(1920K)
[2023-12-27T12:05:28.202+0000][gc           ] GC(0) Pause Young (Normal) (G1 Evacuation Pause) 51M->7M(1024M) 27.320ms
[2023-12-27T12:05:28.202+0000][gc,cpu       ] GC(0) User=0.02s Sys=0.00s Real=0.03s
[2023-12-27T12:05:29.159+0000][gc,start     ] GC(1) Pause Young (Concurrent Start) (Metadata GC Threshold)
[2023-12-27T12:05:29.159+0000][gc,task      ] GC(1) Using 1 workers of 1 for evacuation
[2023-12-27T12:05:29.184+0000][gc,mmu       ] GC(1) MMU target violated: 21.0ms (20.0ms/21.0ms)
[2023-12-27T12:05:29.184+0000][gc,phases    ] GC(1)   Pre Evacuate Collection Set: 0.1ms
[2023-12-27T12:05:29.184+0000][gc,phases    ] GC(1)   Evacuate Collection Set: 24.8ms
[2023-12-27T12:05:29.184+0000][gc,phases    ] GC(1)   Post Evacuate Collection Set: 0.5ms
[2023-12-27T12:05:29.185+0000][gc,phases    ] GC(1)   Other: 0.4ms
[2023-12-27T12:05:29.185+0000][gc,heap      ] GC(1) Eden regions: 31->0(50)
[2023-12-27T12:05:29.185+0000][gc,heap      ] GC(1) Survivor regions: 7->1(7)
[2023-12-27T12:05:29.185+0000][gc,heap      ] GC(1) Old regions: 1->8
[2023-12-27T12:05:29.185+0000][gc,heap      ] GC(1) Humongous regions: 0->0
[2023-12-27T12:05:29.185+0000][gc,metaspace ] GC(1) Metaspace: 20566K(21248K)->20566K(21248K) NonClass: 18087K(18432K)->18087K(18432K) Class: 2478K(2816K)->2478K(2816K)
[2023-12-27T12:05:29.185+0000][gc           ] GC(1) Pause Young (Concurrent Start) (Metadata GC Threshold) 37M->8M(1024M) 25.884ms
[2023-12-27T12:05:29.185+0000][gc,cpu       ] GC(1) User=0.03s Sys=0.00s Real=0.03s
[2023-12-27T12:05:29.185+0000][gc           ] GC(2) Concurrent Cycle
[2023-12-27T12:05:29.185+0000][gc,marking   ] GC(2) Concurrent Clear Claimed Marks
[2023-12-27T12:05:29.185+0000][gc,marking   ] GC(2) Concurrent Clear Claimed Marks 0.022ms
[2023-12-27T12:05:29.185+0000][gc,marking   ] GC(2) Concurrent Scan Root Regions
[2023-12-27T12:05:29.187+0000][gc,marking   ] GC(2) Concurrent Scan Root Regions 2.273ms
[2023-12-27T12:05:29.187+0000][gc,marking   ] GC(2) Concurrent Mark (3.241s)
[2023-12-27T12:05:29.187+0000][gc,marking   ] GC(2) Concurrent Mark From Roots
[2023-12-27T12:05:29.187+0000][gc,task      ] GC(2) Using 1 workers of 1 for marking
[2023-12-27T12:05:29.222+0000][gc,marking   ] GC(2) Concurrent Mark From Roots 34.783ms
[2023-12-27T12:05:29.222+0000][gc,marking   ] GC(2) Concurrent Preclean
[2023-12-27T12:05:29.222+0000][gc,marking   ] GC(2) Concurrent Preclean 0.089ms
[2023-12-27T12:05:29.222+0000][gc,marking   ] GC(2) Concurrent Mark (3.241s, 3.276s) 34.919ms
[2023-12-27T12:05:29.222+0000][gc,start     ] GC(2) Pause Remark
[2023-12-27T12:05:29.227+0000][gc,stringtable] GC(2) Cleaned string and symbol table, strings: 9546 processed, 12 removed, symbols: 53288 processed, 44 removed
[2023-12-27T12:05:29.233+0000][gc            ] GC(2) Pause Remark 10M->10M(1024M) 10.661ms
[2023-12-27T12:05:29.233+0000][gc,cpu        ] GC(2) User=0.01s Sys=0.00s Real=0.01s
[2023-12-27T12:05:29.233+0000][gc,marking    ] GC(2) Concurrent Rebuild Remembered Sets
[2023-12-27T12:05:29.242+0000][gc,marking    ] GC(2) Concurrent Rebuild Remembered Sets 9.689ms
[2023-12-27T12:05:29.243+0000][gc,start      ] GC(2) Pause Cleanup
[2023-12-27T12:05:29.243+0000][gc            ] GC(2) Pause Cleanup 10M->10M(1024M) 0.173ms
[2023-12-27T12:05:29.243+0000][gc,cpu        ] GC(2) User=0.00s Sys=0.00s Real=0.00s
[2023-12-27T12:05:29.243+0000][gc,marking    ] GC(2) Concurrent Cleanup for Next Mark
[2023-12-27T12:05:29.258+0000][gc,marking    ] GC(2) Concurrent Cleanup for Next Mark 15.515ms
[2023-12-27T12:05:29.258+0000][gc            ] GC(2) Concurrent Cycle 73.622ms
[2023-12-27T12:05:31.364+0000][gc,start      ] GC(3) Pause Young (Normal) (G1 Evacuation Pause)
[2023-12-27T12:05:31.364+0000][gc,task       ] GC(3) Using 1 workers of 1 for evacuation
[2023-12-27T12:05:31.375+0000][gc,phases     ] GC(3)   Pre Evacuate Collection Set: 0.0ms
[2023-12-27T12:05:31.375+0000][gc,phases     ] GC(3)   Evacuate Collection Set: 10.2ms
[2023-12-27T12:05:31.375+0000][gc,phases     ] GC(3)   Post Evacuate Collection Set: 0.3ms
[2023-12-27T12:05:31.375+0000][gc,phases     ] GC(3)   Other: 0.2ms
[2023-12-27T12:05:31.375+0000][gc,heap       ] GC(3) Eden regions: 50->0(48)
[2023-12-27T12:05:31.375+0000][gc,heap       ] GC(3) Survivor regions: 1->3(7)
[2023-12-27T12:05:31.375+0000][gc,heap       ] GC(3) Old regions: 8->8
[2023-12-27T12:05:31.375+0000][gc,heap       ] GC(3) Humongous regions: 129->129
[2023-12-27T12:05:31.375+0000][gc,metaspace  ] GC(3) Metaspace: 28508K(29824K)->28508K(29824K) NonClass: 25221K(26112K)->25221K(26112K) Class: 3286K(3712K)->3286K(3712K)
[2023-12-27T12:05:31.375+0000][gc            ] GC(3) Pause Young (Normal) (G1 Evacuation Pause) 187M->139M(1024M) 10.957ms
[2023-12-27T12:05:31.375+0000][gc,cpu        ] GC(3) User=0.01s Sys=0.00s Real=0.01s
[2023-12-27T12:05:32.359+0000][gc,start      ] GC(4) Pause Young (Concurrent Start) (Metadata GC Threshold)
[2023-12-27T12:05:32.359+0000][gc,task       ] GC(4) Using 1 workers of 1 for evacuation
[2023-12-27T12:05:32.382+0000][gc,mmu        ] GC(4) MMU target violated: 21.0ms (20.0ms/21.0ms)
[2023-12-27T12:05:32.383+0000][gc,phases     ] GC(4)   Pre Evacuate Collection Set: 0.1ms
[2023-12-27T12:05:32.383+0000][gc,phases     ] GC(4)   Evacuate Collection Set: 22.7ms
[2023-12-27T12:05:32.383+0000][gc,phases     ] GC(4)   Post Evacuate Collection Set: 0.5ms
[2023-12-27T12:05:32.383+0000][gc,phases     ] GC(4)   Other: 0.4ms
[2023-12-27T12:05:32.383+0000][gc,heap       ] GC(4) Eden regions: 40->0(44)
[2023-12-27T12:05:32.383+0000][gc,heap       ] GC(4) Survivor regions: 3->7(7)
[2023-12-27T12:05:32.383+0000][gc,heap       ] GC(4) Old regions: 8->8
[2023-12-27T12:05:32.383+0000][gc,heap       ] GC(4) Humongous regions: 129->129
[2023-12-27T12:05:32.383+0000][gc,metaspace  ] GC(4) Metaspace: 34387K(35840K)->34387K(35840K) NonClass: 30369K(31104K)->30369K(31104K) Class: 4018K(4736K)->4018K(4736K)
[2023-12-27T12:05:32.383+0000][gc            ] GC(4) Pause Young (Concurrent Start) (Metadata GC Threshold) 178M->143M(1024M) 23.738ms
[2023-12-27T12:05:32.383+0000][gc,cpu        ] GC(4) User=0.03s Sys=0.00s Real=0.02s
[2023-12-27T12:05:32.383+0000][gc            ] GC(5) Concurrent Cycle
[2023-12-27T12:05:32.383+0000][gc,marking    ] GC(5) Concurrent Clear Claimed Marks
[2023-12-27T12:05:32.383+0000][gc,marking    ] GC(5) Concurrent Clear Claimed Marks 0.139ms
[2023-12-27T12:05:32.383+0000][gc,marking    ] GC(5) Concurrent Scan Root Regions
[2023-12-27T12:05:32.387+0000][gc,marking    ] GC(5) Concurrent Scan Root Regions 4.546ms
[2023-12-27T12:05:32.387+0000][gc,marking    ] GC(5) Concurrent Mark (6.441s)
[2023-12-27T12:05:32.387+0000][gc,marking    ] GC(5) Concurrent Mark From Roots
[2023-12-27T12:05:32.387+0000][gc,task       ] GC(5) Using 1 workers of 1 for marking
[2023-12-27T12:05:32.504+0000][gc,marking    ] GC(5) Concurrent Mark From Roots 116.468ms
[2023-12-27T12:05:32.504+0000][gc,marking    ] GC(5) Concurrent Preclean
[2023-12-27T12:05:32.504+0000][gc,marking    ] GC(5) Concurrent Preclean 0.092ms
[2023-12-27T12:05:32.504+0000][gc,marking    ] GC(5) Concurrent Mark (6.441s, 6.558s) 116.617ms
[2023-12-27T12:05:32.504+0000][gc,start      ] GC(5) Pause Remark
[2023-12-27T12:05:32.515+0000][gc,stringtable] GC(5) Cleaned string and symbol table, strings: 14672 processed, 0 removed, symbols: 84413 processed, 15 removed
[2023-12-27T12:05:32.517+0000][gc            ] GC(5) Pause Remark 145M->145M(1024M) 12.337ms
[2023-12-27T12:05:32.517+0000][gc,cpu        ] GC(5) User=0.01s Sys=0.00s Real=0.02s
[2023-12-27T12:05:32.520+0000][gc,marking    ] GC(5) Concurrent Rebuild Remembered Sets
[2023-12-27T12:05:32.531+0000][gc,marking    ] GC(5) Concurrent Rebuild Remembered Sets 11.194ms
[2023-12-27T12:05:32.542+0000][gc,start      ] GC(5) Pause Cleanup
[2023-12-27T12:05:32.542+0000][gc            ] GC(5) Pause Cleanup 145M->145M(1024M) 0.222ms
[2023-12-27T12:05:32.542+0000][gc,cpu        ] GC(5) User=0.00s Sys=0.00s Real=0.00s
[2023-12-27T12:05:32.542+0000][gc,marking    ] GC(5) Concurrent Cleanup for Next Mark
[2023-12-27T12:05:32.580+0000][gc,marking    ] GC(5) Concurrent Cleanup for Next Mark 37.300ms
[2023-12-27T12:05:32.580+0000][gc            ] GC(5) Concurrent Cycle 196.811ms
[2023-12-27T12:06:38.168+0000][gc,start      ] GC(6) Pause Young (Normal) (G1 Evacuation Pause)
[2023-12-27T12:06:38.174+0000][gc,task       ] GC(6) Using 1 workers of 1 for evacuation
[2023-12-27T12:06:39.376+0000][gc,mmu        ] GC(6) MMU target violated: 21.0ms (20.0ms/21.0ms)
[2023-12-27T12:06:39.377+0000][gc,phases     ] GC(6)   Pre Evacuate Collection Set: 238.1ms
[2023-12-27T12:06:39.377+0000][gc,phases     ] GC(6)   Evacuate Collection Set: 955.1ms
[2023-12-27T12:06:39.377+0000][gc,phases     ] GC(6)   Post Evacuate Collection Set: 5.9ms
[2023-12-27T12:06:39.377+0000][gc,phases     ] GC(6)   Other: 10.1ms
[2023-12-27T12:06:39.377+0000][gc,heap       ] GC(6) Eden regions: 44->0(49)
[2023-12-27T12:06:39.377+0000][gc,heap       ] GC(6) Survivor regions: 7->2(7)
[2023-12-27T12:06:39.377+0000][gc,heap       ] GC(6) Old regions: 8->14
[2023-12-27T12:06:39.377+0000][gc,heap       ] GC(6) Humongous regions: 135->129
[2023-12-27T12:06:39.377+0000][gc,metaspace  ] GC(6) Metaspace: 40871K(43136K)->40871K(43136K) NonClass: 35699K(36864K)->35699K(36864K) Class: 5172K(6272K)->5172K(6272K)
[2023-12-27T12:06:39.379+0000][gc            ] GC(6) Pause Young (Normal) (G1 Evacuation Pause) 193M->144M(1024M) 1209.445ms
[2023-12-27T12:06:39.379+0000][gc,cpu        ] GC(6) User=0.04s Sys=0.04s Real=1.21s
[2023-12-27T12:22:08.621+0000][gc,start      ] GC(7) Pause Young (Normal) (G1 Evacuation Pause)
[2023-12-27T12:22:08.622+0000][gc,task       ] GC(7) Using 1 workers of 1 for evacuation
[2023-12-27T12:22:08.674+0000][gc,mmu        ] GC(7) MMU target violated: 21.0ms (20.0ms/21.0ms)
[2023-12-27T12:22:08.674+0000][gc,phases     ] GC(7)   Pre Evacuate Collection Set: 0.1ms
[2023-12-27T12:22:08.674+0000][gc,phases     ] GC(7)   Evacuate Collection Set: 51.0ms
[2023-12-27T12:22:08.674+0000][gc,phases     ] GC(7)   Post Evacuate Collection Set: 0.7ms
[2023-12-27T12:22:08.674+0000][gc,phases     ] GC(7)   Other: 0.9ms
[2023-12-27T12:22:08.674+0000][gc,heap       ] GC(7) Eden regions: 49->0(47)
[2023-12-27T12:22:08.674+0000][gc,heap       ] GC(7) Survivor regions: 2->4(7)
[2023-12-27T12:22:08.674+0000][gc,heap       ] GC(7) Old regions: 14->14
[2023-12-27T12:22:08.674+0000][gc,heap       ] GC(7) Humongous regions: 129->129
[2023-12-27T12:22:08.674+0000][gc,metaspace  ] GC(7) Metaspace: 43395K(46208K)->43395K(46208K) NonClass: 37885K(39424K)->37885K(39424K) Class: 5510K(6784K)->5510K(6784K)
[2023-12-27T12:22:08.674+0000][gc            ] GC(7) Pause Young (Normal) (G1 Evacuation Pause) 193M->146M(1024M) 52.625ms
[2023-12-27T12:22:08.674+0000][gc,cpu        ] GC(7) User=0.02s Sys=0.00s Real=0.05s
[2023-12-27T12:25:04.267+0000][gc,heap,exit  ] Heap
[2023-12-27T12:25:04.267+0000][gc,heap,exit  ]  garbage-first heap   total 1048576K, used 170943K [0x00000000c0000000, 0x0000000100000000)
[2023-12-27T12:25:04.267+0000][gc,heap,exit  ]   region size 1024K, 26 young (26624K), 4 survivors (4096K)
[2023-12-27T12:25:04.267+0000][gc,heap,exit  ]  Metaspace       used 44185K, capacity 46908K, committed 47104K, reserved 1089536K
[2023-12-27T12:25:04.267+0000][gc,heap,exit  ]   class space    used 5722K, capacity 7066K, committed 7168K, reserved 1048576K
