[2023-12-23T21:32:35.151+0000][gc,heap] Heap region size: 1M
[2023-12-23T21:32:35.163+0000][gc     ] Using G1
[2023-12-23T21:32:35.163+0000][gc,heap,coops] Heap address: 0x00000000c0000000, size: 1024 MB, Compressed Oops mode: 32-bit
[2023-12-23T21:32:37.322+0000][gc,start     ] GC(0) Pause Young (Normal) (G1 Evacuation Pause)
[2023-12-23T21:32:37.322+0000][gc,task      ] GC(0) Using 1 workers of 1 for evacuation
[2023-12-23T21:32:37.339+0000][gc,phases    ] GC(0)   Pre Evacuate Collection Set: 0.0ms
[2023-12-23T21:32:37.340+0000][gc,phases    ] GC(0)   Evacuate Collection Set: 16.8ms
[2023-12-23T21:32:37.340+0000][gc,phases    ] GC(0)   Post Evacuate Collection Set: 0.5ms
[2023-12-23T21:32:37.340+0000][gc,phases    ] GC(0)   Other: 0.3ms
[2023-12-23T21:32:37.340+0000][gc,heap      ] GC(0) Eden regions: 51->0(44)
[2023-12-23T21:32:37.340+0000][gc,heap      ] GC(0) Survivor regions: 0->7(7)
[2023-12-23T21:32:37.340+0000][gc,heap      ] GC(0) Old regions: 0->1
[2023-12-23T21:32:37.340+0000][gc,heap      ] GC(0) Humongous regions: 0->0
[2023-12-23T21:32:37.340+0000][gc,metaspace ] GC(0) Metaspace: 14104K(14848K)->14104K(14848K) NonClass: 12376K(12800K)->12376K(12800K) Class: 1727K(2048K)->1727K(2048K)
[2023-12-23T21:32:37.340+0000][gc           ] GC(0) Pause Young (Normal) (G1 Evacuation Pause) 51M->7M(1024M) 17.709ms
[2023-12-23T21:32:37.340+0000][gc,cpu       ] GC(0) User=0.02s Sys=0.01s Real=0.02s
[2023-12-23T21:32:38.312+0000][gc,start     ] GC(1) Pause Young (Concurrent Start) (Metadata GC Threshold)
[2023-12-23T21:32:38.312+0000][gc,task      ] GC(1) Using 1 workers of 1 for evacuation
[2023-12-23T21:32:38.335+0000][gc,mmu       ] GC(1) MMU target violated: 21.0ms (20.0ms/21.0ms)
[2023-12-23T21:32:38.335+0000][gc,phases    ] GC(1)   Pre Evacuate Collection Set: 0.1ms
[2023-12-23T21:32:38.335+0000][gc,phases    ] GC(1)   Evacuate Collection Set: 22.4ms
[2023-12-23T21:32:38.335+0000][gc,phases    ] GC(1)   Post Evacuate Collection Set: 0.4ms
[2023-12-23T21:32:38.335+0000][gc,phases    ] GC(1)   Other: 0.6ms
[2023-12-23T21:32:38.335+0000][gc,heap      ] GC(1) Eden regions: 30->0(50)
[2023-12-23T21:32:38.335+0000][gc,heap      ] GC(1) Survivor regions: 7->1(7)
[2023-12-23T21:32:38.335+0000][gc,heap      ] GC(1) Old regions: 1->8
[2023-12-23T21:32:38.335+0000][gc,heap      ] GC(1) Humongous regions: 0->0
[2023-12-23T21:32:38.335+0000][gc,metaspace ] GC(1) Metaspace: 20580K(21248K)->20580K(21248K) NonClass: 18098K(18432K)->18098K(18432K) Class: 2481K(2816K)->2481K(2816K)
[2023-12-23T21:32:38.335+0000][gc           ] GC(1) Pause Young (Concurrent Start) (Metadata GC Threshold) 37M->8M(1024M) 23.511ms
[2023-12-23T21:32:38.335+0000][gc,cpu       ] GC(1) User=0.02s Sys=0.00s Real=0.02s
[2023-12-23T21:32:38.335+0000][gc           ] GC(2) Concurrent Cycle
[2023-12-23T21:32:38.335+0000][gc,marking   ] GC(2) Concurrent Clear Claimed Marks
[2023-12-23T21:32:38.336+0000][gc,marking   ] GC(2) Concurrent Clear Claimed Marks 0.063ms
[2023-12-23T21:32:38.336+0000][gc,marking   ] GC(2) Concurrent Scan Root Regions
[2023-12-23T21:32:38.336+0000][gc,marking   ] GC(2) Concurrent Scan Root Regions 0.987ms
[2023-12-23T21:32:38.337+0000][gc,marking   ] GC(2) Concurrent Mark (3.190s)
[2023-12-23T21:32:38.337+0000][gc,marking   ] GC(2) Concurrent Mark From Roots
[2023-12-23T21:32:38.337+0000][gc,task      ] GC(2) Using 1 workers of 1 for marking
[2023-12-23T21:32:38.382+0000][gc,marking   ] GC(2) Concurrent Mark From Roots 45.763ms
[2023-12-23T21:32:38.382+0000][gc,marking   ] GC(2) Concurrent Preclean
[2023-12-23T21:32:38.383+0000][gc,marking   ] GC(2) Concurrent Preclean 0.142ms
[2023-12-23T21:32:38.383+0000][gc,marking   ] GC(2) Concurrent Mark (3.190s, 3.236s) 45.999ms
[2023-12-23T21:32:38.383+0000][gc,start     ] GC(2) Pause Remark
[2023-12-23T21:32:38.388+0000][gc,stringtable] GC(2) Cleaned string and symbol table, strings: 9540 processed, 12 removed, symbols: 53288 processed, 44 removed
[2023-12-23T21:32:38.388+0000][gc            ] GC(2) Pause Remark 10M->10M(1024M) 5.191ms
[2023-12-23T21:32:38.388+0000][gc,cpu        ] GC(2) User=0.00s Sys=0.00s Real=0.01s
[2023-12-23T21:32:38.388+0000][gc,marking    ] GC(2) Concurrent Rebuild Remembered Sets
[2023-12-23T21:32:38.398+0000][gc,marking    ] GC(2) Concurrent Rebuild Remembered Sets 9.881ms
[2023-12-23T21:32:38.398+0000][gc,start      ] GC(2) Pause Cleanup
[2023-12-23T21:32:38.398+0000][gc            ] GC(2) Pause Cleanup 10M->10M(1024M) 0.248ms
[2023-12-23T21:32:38.398+0000][gc,cpu        ] GC(2) User=0.00s Sys=0.00s Real=0.00s
[2023-12-23T21:32:38.398+0000][gc,marking    ] GC(2) Concurrent Cleanup for Next Mark
[2023-12-23T21:32:38.419+0000][gc,marking    ] GC(2) Concurrent Cleanup for Next Mark 20.521ms
[2023-12-23T21:32:38.419+0000][gc            ] GC(2) Concurrent Cycle 83.289ms
[2023-12-23T21:32:39.769+0000][gc,start      ] GC(3) Pause Young (Normal) (G1 Evacuation Pause)
[2023-12-23T21:32:39.769+0000][gc,task       ] GC(3) Using 1 workers of 1 for evacuation
[2023-12-23T21:32:39.785+0000][gc,phases     ] GC(3)   Pre Evacuate Collection Set: 0.2ms
[2023-12-23T21:32:39.785+0000][gc,phases     ] GC(3)   Evacuate Collection Set: 15.3ms
[2023-12-23T21:32:39.785+0000][gc,phases     ] GC(3)   Post Evacuate Collection Set: 0.3ms
[2023-12-23T21:32:39.785+0000][gc,phases     ] GC(3)   Other: 0.3ms
[2023-12-23T21:32:39.785+0000][gc,heap       ] GC(3) Eden regions: 50->0(46)
[2023-12-23T21:32:39.785+0000][gc,heap       ] GC(3) Survivor regions: 1->5(7)
[2023-12-23T21:32:39.785+0000][gc,heap       ] GC(3) Old regions: 8->8
[2023-12-23T21:32:39.785+0000][gc,heap       ] GC(3) Humongous regions: 129->129
[2023-12-23T21:32:39.785+0000][gc,metaspace  ] GC(3) Metaspace: 28355K(29696K)->28355K(29696K) NonClass: 25041K(25856K)->25041K(25856K) Class: 3313K(3840K)->3313K(3840K)
[2023-12-23T21:32:39.785+0000][gc            ] GC(3) Pause Young (Normal) (G1 Evacuation Pause) 187M->140M(1024M) 16.152ms
[2023-12-23T21:32:39.785+0000][gc,cpu        ] GC(3) User=0.02s Sys=0.00s Real=0.02s
[2023-12-23T21:32:40.396+0000][gc,heap,exit  ] Heap
[2023-12-23T21:32:40.396+0000][gc,heap,exit  ]  garbage-first heap   total 1048576K, used 162751K [0x00000000c0000000, 0x0000000100000000)
[2023-12-23T21:32:40.396+0000][gc,heap,exit  ]   region size 1024K, 25 young (25600K), 5 survivors (5120K)
[2023-12-23T21:32:40.396+0000][gc,heap,exit  ]  Metaspace       used 31036K, capacity 32216K, committed 32512K, reserved 1077248K
[2023-12-23T21:32:40.396+0000][gc,heap,exit  ]   class space    used 3728K, capacity 4267K, committed 4352K, reserved 1048576K
