[2023-12-27T12:04:37.035+0000][gc,heap] Heap region size: 1M
[2023-12-27T12:04:37.042+0000][gc     ] Using G1
[2023-12-27T12:04:37.042+0000][gc,heap,coops] Heap address: 0x00000000e0000000, size: 512 MB, Compressed Oops mode: 32-bit
[2023-12-27T12:04:38.843+0000][gc,start     ] GC(0) Pause Young (Normal) (G1 Evacuation Pause)
[2023-12-27T12:04:38.843+0000][gc,task      ] GC(0) Using 1 workers of 1 for evacuation
[2023-12-27T12:04:38.857+0000][gc,phases    ] GC(0)   Pre Evacuate Collection Set: 0.0ms
[2023-12-27T12:04:38.857+0000][gc,phases    ] GC(0)   Evacuate Collection Set: 13.2ms
[2023-12-27T12:04:38.857+0000][gc,phases    ] GC(0)   Post Evacuate Collection Set: 0.3ms
[2023-12-27T12:04:38.857+0000][gc,phases    ] GC(0)   Other: 0.2ms
[2023-12-27T12:04:38.857+0000][gc,heap      ] GC(0) Eden regions: 25->0(21)
[2023-12-27T12:04:38.857+0000][gc,heap      ] GC(0) Survivor regions: 0->4(4)
[2023-12-27T12:04:38.857+0000][gc,heap      ] GC(0) Old regions: 0->4
[2023-12-27T12:04:38.857+0000][gc,heap      ] GC(0) Humongous regions: 0->0
[2023-12-27T12:04:38.857+0000][gc,metaspace ] GC(0) Metaspace: 7326K(7936K)->7326K(7936K) NonClass: 6506K(6912K)->6506K(6912K) Class: 819K(1024K)->819K(1024K)
[2023-12-27T12:04:38.857+0000][gc           ] GC(0) Pause Young (Normal) (G1 Evacuation Pause) 25M->7M(512M) 13.732ms
[2023-12-27T12:04:38.857+0000][gc,cpu       ] GC(0) User=0.01s Sys=0.00s Real=0.02s
[2023-12-27T12:25:01.683+0000][gc,heap,exit ] Heap
[2023-12-27T12:25:01.686+0000][gc,heap,exit ]  garbage-first heap   total 524288K, used 19129K [0x00000000e0000000, 0x0000000100000000)
[2023-12-27T12:25:01.686+0000][gc,heap,exit ]   region size 1024K, 17 young (17408K), 4 survivors (4096K)
[2023-12-27T12:25:01.686+0000][gc,heap,exit ]  Metaspace       used 9310K, capacity 9725K, committed 9984K, reserved 1058816K
[2023-12-27T12:25:01.686+0000][gc,heap,exit ]   class space    used 999K, capacity 1165K, committed 1280K, reserved 1048576K
